Microchip MPLAB XC8 Compiler V1.38 ()

Linker command line:

-W-3 --edf=/opt/microchip/xc8/v1.38/dat/en_msgs.txt -cs \
  -h+dist/default/production/MCP3201.X.production.sym \
  --cmf=dist/default/production/MCP3201.X.production.cmf -z -Q18F2550 \
  -o/tmp/xcXhH8v2o -Mdist/default/production/MCP3201.X.production.map -E1 \
  -ver=XC8 -ASTACK=05A3h-07ffh -pstack=STACK -ACODE=00h-07FFFh \
  -ACONST=00h-07FFFh -ASMALLCONST=0800h-08FFhx120 \
  -AMEDIUMCONST=0800h-07FFFh -ACOMRAM=01h-05Fh -AABS1=00h-07FFh \
  -ABIGRAM=01h-07FFh -ARAM=060h-0FFh,0100h-01FFhx7 -ABANK0=060h-0FFh \
  -ABANK1=0100h-01FFh -ABANK2=0200h-02FFh -ABANK3=0300h-03FFh \
  -ABANK4=0400h-04FFh -ABANK5=0500h-05FFh -ABANK6=0600h-06FFh \
  -ABANK7=0700h-07FFh -ASFR=0F60h-0FFFh \
  -preset_vec=00h,intcode=08h,intcodelo=018h,powerup,init,end_init \
  -pramtop=0800h -psmallconst=SMALLCONST -pmediumconst=MEDIUMCONST \
  -pconst=CONST -AFARRAM=00h-00h -ACONFIG=0300000h-030000Dh -pconfig=CONFIG \
  -AIDLOC=0200000h-0200007h -pidloc=IDLOC -AEEDATA=0F00000h-0F000FFh \
  -peeprom_data=EEDATA \
  -prdata=COMRAM,nvrram=COMRAM,nvbit=COMRAM,rbss=COMRAM,rbit=COMRAM \
  -pfarbss=FARRAM,fardata=FARRAM,nvFARRAM=FARRAM \
  -pintsave_regs=BIGRAM,bigbss=BIGRAM,bigdata=BIGRAM -pbss=RAM \
  -pidata=CODE,irdata=CODE,ibigdata=CODE,ifardata=CODE -prparam=COMRAM \
  /tmp/xcXcnndNE.obj dist/default/production/MCP3201.X.production.obj 

Object code version is 3.11

Machine type is 18F2550

Call graph: (short form)




                Name                               Link     Load   Length Selector   Space Scale
/tmp/xcXcnndNE.obj
                end_init                             B4       B4        4        C       0
                reset_vec                             0        0        4        0       0
                idloc                            200000   200000        8   200000       0
                config                           300000   300000        E   300000       0
dist/default/production/MCP3201.X.production.obj
                intcodelo                            18       18       9C        C       0
                intcode                               8        8        E        4       0
                temp                                 51       51        1        1       1
                smallconst                          800      800       94      400       0
                intcode_body                       168A     168A       82      44A       0
                text39                             1AC2     1AC2       52      44A       0
                text38                             1B5E     1B5E       42      44A       0
                text37                             1CCC     1CCC       20      44A       0
                text36                             1D4A     1D4A       12      44A       0
                text35                             1D88     1D88        A      44A       0
                text34                              DC8      DC8      214      44A       0
                text33                             18EA     18EA       64      44A       0
                text32                              894      894      2CA      44A       0
                text31                             1BDE     1BDE       32      44A       0
                text29                             1D9A     1D9A        8      44A       0
                text28                             1B14     1B14       4A      44A       0
                text27                             1A0E     1A0E       5C      44A       0
                text26                             1D5C     1D5C       10      44A       0
                text25                             1D38     1D38       12      44A       0
                text24                             19B0     19B0       5E      44A       0
                text23                             1BA0     1BA0       3E      44A       0
                text22                             1D7A     1D7A        E      44A       0
                text21                             178A     178A       78      44A       0
                text20                             194E     194E       62      44A       0
                text19                             1C66     1C66       26      44A       0
                text18                             1D24     1D24       14      44A       0
                text17                             1D6C     1D6C        E      44A       0
                text16                              B5E      B5E      26A      44A       0
                text15                             12DC     12DC       E0      44A       0
                text14                             1D0A     1D0A       1A      44A       0
                text13                             1CEC     1CEC       1E      44A       0
                text12                             1CAC     1CAC       20      44A       0
                text11                             1C8C     1C8C       20      44A       0
                text10                             1C10     1C10       30      44A       0
                text9                              1C40     1C40       26      44A       0
                text8                              1488     1488       BC      44A       0
                text7                              11C2     11C2      11A      44A       0
                text6                              1544     1544       AA      44A       0
                text5                              13BC     13BC       CC      44A       0
                text4                              1878     1878       72      44A       0
                text3                              1A6A     1A6A       58      44A       0
                text2                               FDC      FDC      1E6      44A       0
                text1                              1802     1802       76      44A       0
                text0                              15EE     15EE       9C      44A       0
                cstackCOMRAM                          1        1       3F        1       1
                cstackBANK0                          60       60       76       60       1
                bssBIGRAM                           166      166      43D      166       1
                bssBANK1                            100      100       66      100       1
                dataBANK0                            E8       E8        2       60       1
                bssBANK0                             D6       D6        F       60       1
                dataCOMRAM                           49       49        8        1       1
                bssCOMRAM                            40       40        9        1       1
                cinit                              170C     170C       7E      44A       0
                nvBANK0                              E5       E5        3       60       1
                idataBANK0                         1DA2     1DA2        2      44A       0
                idataCOMRAM                        1D92     1D92        8      44A       0

TOTAL           Name                               Link     Load   Length     Space
        CLASS   STACK          

        CLASS   CODE           
                end_init                             B4       B4        4         0
                intcodelo                            18       18       9C         0
                intcode                               8        8        E         0
                reset_vec                             0        0        4         0
                intcode_body                       168A     168A       82         0
                text39                             1AC2     1AC2       52         0
                text38                             1B5E     1B5E       42         0
                text37                             1CCC     1CCC       20         0
                text36                             1D4A     1D4A       12         0
                text35                             1D88     1D88        A         0
                text34                              DC8      DC8      214         0
                text33                             18EA     18EA       64         0
                text32                              894      894      2CA         0
                text31                             1BDE     1BDE       32         0
                text29                             1D9A     1D9A        8         0
                text28                             1B14     1B14       4A         0
                text27                             1A0E     1A0E       5C         0
                text26                             1D5C     1D5C       10         0
                text25                             1D38     1D38       12         0
                text24                             19B0     19B0       5E         0
                text23                             1BA0     1BA0       3E         0
                text22                             1D7A     1D7A        E         0
                text21                             178A     178A       78         0
                text20                             194E     194E       62         0
                text19                             1C66     1C66       26         0
                text18                             1D24     1D24       14         0
                text17                             1D6C     1D6C        E         0
                text16                              B5E      B5E      26A         0
                text15                             12DC     12DC       E0         0
                text14                             1D0A     1D0A       1A         0
                text13                             1CEC     1CEC       1E         0
                text12                             1CAC     1CAC       20         0
                text11                             1C8C     1C8C       20         0
                text10                             1C10     1C10       30         0
                text9                              1C40     1C40       26         0
                text8                              1488     1488       BC         0
                text7                              11C2     11C2      11A         0
                text6                              1544     1544       AA         0
                text5                              13BC     13BC       CC         0
                text4                              1878     1878       72         0
                text3                              1A6A     1A6A       58         0
                text2                               FDC      FDC      1E6         0
                text1                              1802     1802       76         0
                text0                              15EE     15EE       9C         0
                cinit                              170C     170C       7E         0
                idataBANK0                         1DA2     1DA2        2         0
                idataCOMRAM                        1D92     1D92        8         0

        CLASS   CONST          

        CLASS   SMALLCONST     
                smallconst                          800      800       94         0

        CLASS   MEDIUMCONST    

        CLASS   COMRAM         
                temp                                 51       51        1         1
                cstackCOMRAM                          1        1       3F         1
                dataCOMRAM                           49       49        8         1
                bssCOMRAM                            40       40        9         1

        CLASS   ABS1           

        CLASS   BIGRAM         
                bssBIGRAM                           166      166      43D         1

        CLASS   RAM            

        CLASS   BANK0          
                cstackBANK0                          60       60       76         1
                dataBANK0                            E8       E8        2         1
                bssBANK0                             D6       D6        F         1
                nvBANK0                              E5       E5        3         1

        CLASS   BANK1          
                bssBANK1                            100      100       66         1

        CLASS   BANK2          

        CLASS   BANK3          

        CLASS   BANK4          

        CLASS   BANK5          

        CLASS   BANK6          

        CLASS   BANK7          

        CLASS   SFR            

        CLASS   FARRAM         

        CLASS   CONFIG         
                config                           300000   300000        E         0

        CLASS   IDLOC          
                idloc                            200000   200000        8         0

        CLASS   EEDATA         



SEGMENTS        Name                           Load    Length   Top    Selector   Space  Class

                reset_vec                      000000  000004  000004         0       0  CODE    
                cstackCOMRAM                   000001  000051  000052         1       1  COMRAM  
                intcode                        000008  00000E  000016         4       0  CODE    
                intcodelo                      000018  0000A0  0000B8         C       0  CODE    
                cstackBANK0                    000060  00008A  0000EA        60       1  BANK0   
                bssBANK1                       000100  000066  000166       100       1  BANK1   
                bssBIGRAM                      000166  00043D  0005A3       166       1  BIGRAM  
                smallconst                     000800  000094  000894       400       0  SMALLCON
                text32                         000894  001510  001DA4       44A       0  CODE    
                idloc                          200000  000008  200008    200000       0  IDLOC   
                config                         300000  00000E  30000E    300000       0  CONFIG  


UNUSED ADDRESS RANGES

        Name                Unused          Largest block    Delta
        BANK0            0000EA-0000FF               16
        BANK5            0005A3-0005FF               5D
        BANK6            000600-0006FF              100
        BANK7            000700-0007FF              100
        BIGRAM           000052-00005F                E
                         0000EA-0000FF               16
                         0005A3-0007FF              25D
        CODE             000004-000007                4
                         000016-000017                2
                         0000B8-0007FF              748
                         001DA4-007FFF             625C
        COMRAM           000052-00005F                E
        CONST            000004-000007                4
                         000016-000017                2
                         0000B8-0007FF              748
                         001DA4-007FFF             625C
        EEDATA           F00000-F000FF              100
        MEDIUMCONST      001DA4-007FFF             625C
        RAM              0000EA-0000FF               16
                         0005A3-0007FF              100
        SFR              000F60-000FFF               A0
        SMALLCONST       001DA4-007FFF              100
        STACK            0005A3-0007FF              25D

                                  Symbol Table

?_D_MCP3201_Read               cstackBANK0  000065
?_D_UART_GetDeviceName         cstackBANK0  000060
?_D_UART_Read                  cstackBANK0  000060
?_D_UART_ReadBlock             cstackBANK0  000060
?___aldiv                      cstackBANK0  000060
?___lwdiv                      cstackBANK0  000060
?___lwmod                      cstackBANK0  000067
?_convertData                  cstackBANK0  000060
?_printf                       cstackBANK0  00006C
?_strcmp                       cstackBANK0  000060
?i1___lwdiv                    cstackCOMRAM 00000F
?i1___lwmod                    cstackCOMRAM 000016
?i1_printf                     cstackCOMRAM 00001B
D_MCP3201_Enable@enable        cstackBANK0  000061
D_SPI_Enable@enable            cstackBANK0  000060
D_SPI_Write@data               cstackBANK0  000060
D_TIMER0_Enable@enable         cstackBANK0  000060
D_TIMRER0_Init@prescale        cstackBANK0  000061
D_UART_Enable@enable           cstackBANK0  000060
D_UART_Init@baud               cstackBANK0  000070
D_UART_Init@interrupts         cstackBANK0  000072
D_UART_Init@name               cstackBANK0  00006E
D_UART_Read@cm                 cstackBANK0  000066
D_UART_ReadBlock@cm            cstackBANK0  000068
D_UART_ReadBlock@cnt           cstackBANK0  000067
D_UART_Write@command           cstackBANK0  00007C
D_UART_Write@data              cstackBANK0  00007E
D_UART_WriteInt@command        cstackBANK0  00007C
D_UART_WriteInt@data           cstackBANK0  00007E
_ADCON1                        (abs)        000FC1
_BAUDCONbits                   (abs)        000FB8
_D_MCP3201_Enable              text13       001CEC
_D_MCP3201_Init                text11       001C8C
_D_MCP3201_Read                text23       001BA0
_D_PORT_Init                   text10       001C10
_D_SPI_Enable                  text14       001D0A
_D_SPI_Init                    text12       001CAC
_D_SPI_Write                   text25       001D38
_D_TIMER0_Enable               text9        001C40
_D_TIMER0_Flag                 bssBANK0     0000E0
_D_TIMRER0_Init                text8        001488
_D_UART_BlockLength            text29       001D9A
_D_UART_Enable                 text19       001C66
_D_UART_GetDeviceName          text22       001D7A
_D_UART_Init                   text6        001544
_D_UART_Init$2161              cstackBANK0  000073
_D_UART_Read                   text28       001B14
_D_UART_ReadBlock              text27       001A0E
_D_UART_ReadFlag               bssBANK0     0000E1
_D_UART_Write                  text5        0013BC
_D_UART_WriteInt               text15       0012DC
_HighISR                       intcode      000008
_INTCON2bits                   (abs)        000FF1
_INTCONbits                    (abs)        000FF2
_IPR1bits                      (abs)        000F9F
_LATBbits                      (abs)        000F8A
_LowISR                        intcodelo    000018
_PIE1bits                      (abs)        000F9D
_PIR1bits                      (abs)        000F9E
_PORTA                         (abs)        000F80
_PORTB                         (abs)        000F81
_PORTBbits                     (abs)        000F81
_PORTC                         (abs)        000F82
_RCONbits                      (abs)        000FD0
_RCREG                         (abs)        000FAE
_RCSTAbits                     (abs)        000FAB
_SPBRG                         (abs)        000FAF
_SSPBUF                        (abs)        000FC9
_SSPCON1bits                   (abs)        000FC6
_SSPSTATbits                   (abs)        000FC7
_T0CONbits                     (abs)        000FD5
_TMR0H                         (abs)        000FD7
_TMR0L                         (abs)        000FD6
_TRISA                         (abs)        000F92
_TRISB                         (abs)        000F93
_TRISBbits                     (abs)        000F93
_TRISC                         (abs)        000F94
_TRISCbits                     (abs)        000F94
_TXREG                         (abs)        000FAD
_TXSTAbits                     (abs)        000FAC
__CFG_BOR$ON                   (abs)        000000
__CFG_BORV$3                   (abs)        000000
__CFG_CCP2MX$OFF               (abs)        000000
__CFG_CP0$OFF                  (abs)        000000
__CFG_CP1$OFF                  (abs)        000000
__CFG_CP2$OFF                  (abs)        000000
__CFG_CP3$OFF                  (abs)        000000
__CFG_CPB$OFF                  (abs)        000000
__CFG_CPD$OFF                  (abs)        000000
__CFG_CPUDIV$OSC1_PLL2         (abs)        000000
__CFG_EBTR0$OFF                (abs)        000000
__CFG_EBTR1$OFF                (abs)        000000
__CFG_EBTR2$OFF                (abs)        000000
__CFG_EBTR3$OFF                (abs)        000000
__CFG_EBTRB$OFF                (abs)        000000
__CFG_FCMEN$OFF                (abs)        000000
__CFG_FOSC$HS                  (abs)        000000
__CFG_IESO$OFF                 (abs)        000000
__CFG_LPT1OSC$OFF              (abs)        000000
__CFG_LVP$OFF                  (abs)        000000
__CFG_MCLRE$ON                 (abs)        000000
__CFG_PBADEN$OFF               (abs)        000000
__CFG_PLLDIV$5                 (abs)        000000
__CFG_PWRT$OFF                 (abs)        000000
__CFG_STVREN$OFF               (abs)        000000
__CFG_USBDIV$1                 (abs)        000000
__CFG_VREGEN$OFF               (abs)        000000
__CFG_WDT$OFF                  (abs)        000000
__CFG_WDTPS$32768              (abs)        000000
__CFG_WRT0$OFF                 (abs)        000000
__CFG_WRT1$OFF                 (abs)        000000
__CFG_WRT2$OFF                 (abs)        000000
__CFG_WRT3$OFF                 (abs)        000000
__CFG_WRTB$OFF                 (abs)        000000
__CFG_WRTC$OFF                 (abs)        000000
__CFG_WRTD$OFF                 (abs)        000000
__CFG_XINST$OFF                (abs)        000000
__HRAM                         (abs)        000000
__Habs1                        abs1         000000
__Hbank0                       bank0        000000
__Hbank1                       bank1        000000
__Hbank2                       bank2        000000
__Hbank3                       bank3        000000
__Hbank4                       bank4        000000
__Hbank5                       bank5        000000
__Hbank6                       bank6        000000
__Hbank7                       bank7        000000
__Hbigbss                      bigbss       000000
__Hbigdata                     bigdata      000000
__Hbigram                      bigram       000000
__Hbss                         bss          000000
__HbssBANK0                    bssBANK0     000000
__HbssBANK1                    bssBANK1     000000
__HbssBIGRAM                   bssBIGRAM    000000
__HbssCOMRAM                   bssCOMRAM    000000
__Hcinit                       cinit        000000
__Hclrtext                     clrtext      000000
__Hcomram                      comram       000000
__Hconfig                      config       30000E
__Hconst                       const        000000
__HcstackBANK0                 cstackBANK0  000000
__HcstackCOMRAM                cstackCOMRAM 000000
__Hdata                        data         000000
__HdataBANK0                   dataBANK0    000000
__HdataCOMRAM                  dataCOMRAM   000000
__Heeprom_data                 eeprom_data  000000
__Hend_init                    end_init     0000B8
__Hfarbss                      farbss       000000
__Hfardata                     fardata      000000
__Hibigdata                    ibigdata     000000
__Hidata                       idata        000000
__HidataBANK0                  idataBANK0   000000
__HidataCOMRAM                 idataCOMRAM  000000
__Hidloc                       idloc        200008
__Hifardata                    ifardata     000000
__Hinit                        init         0000B4
__Hintcode                     intcode      000016
__Hintcode_body                intcode_body 000000
__Hintcodelo                   intcodelo    0000B4
__Hintentry                    intentry     000000
__Hintret                      intret       000000
__Hintsave_regs                intsave_regs 000000
__Hirdata                      irdata       000000
__Hmediumconst                 mediumconst  000000
__HnvBANK0                     nvBANK0      000000
__HnvFARRAM                    nvFARRAM     000000
__Hnvbit                       nvbit        000000
__Hnvrram                      nvrram       000000
__Hparam                       rparam       000000
__Hpowerup                     powerup      0000B4
__Hram                         ram          000000
__Hramtop                      ramtop       000800
__Hrbit                        rbit         000000
__Hrbss                        rbss         000000
__Hrdata                       rdata        000000
__Hreset_vec                   reset_vec    000004
__Hrparam                      rparam       000000
__Hsfr                         sfr          000000
__Hsmallconst                  smallconst   000894
__Hspace_0                     (abs)        30000E
__Hspace_1                     (abs)        0005A3
__Hspace_2                     (abs)        000000
__Hstack                       stack        000000
__Hstruct                      struct       000000
__Htemp                        temp         000052
__Htext                        text         000000
__Htext0                       text0        000000
__Htext1                       text1        000000
__Htext10                      text10       000000
__Htext11                      text11       000000
__Htext12                      text12       000000
__Htext13                      text13       000000
__Htext14                      text14       000000
__Htext15                      text15       000000
__Htext16                      text16       000000
__Htext17                      text17       000000
__Htext18                      text18       000000
__Htext19                      text19       000000
__Htext2                       text2        000000
__Htext20                      text20       000000
__Htext21                      text21       000000
__Htext22                      text22       000000
__Htext23                      text23       000000
__Htext24                      text24       000000
__Htext25                      text25       000000
__Htext26                      text26       000000
__Htext27                      text27       000000
__Htext28                      text28       000000
__Htext29                      text29       000000
__Htext3                       text3        000000
__Htext31                      text31       000000
__Htext32                      text32       000000
__Htext33                      text33       000000
__Htext34                      text34       000000
__Htext35                      text35       000000
__Htext36                      text36       000000
__Htext37                      text37       000000
__Htext38                      text38       000000
__Htext39                      text39       000000
__Htext4                       text4        000000
__Htext5                       text5        000000
__Htext6                       text6        000000
__Htext7                       text7        000000
__Htext8                       text8        000000
__Htext9                       text9        000000
__LRAM                         (abs)        000001
__Labs1                        abs1         000000
__Lbank0                       bank0        000000
__Lbank1                       bank1        000000
__Lbank2                       bank2        000000
__Lbank3                       bank3        000000
__Lbank4                       bank4        000000
__Lbank5                       bank5        000000
__Lbank6                       bank6        000000
__Lbank7                       bank7        000000
__Lbigbss                      bigbss       000000
__Lbigdata                     bigdata      000000
__Lbigram                      bigram       000000
__Lbss                         bss          000000
__LbssBANK0                    bssBANK0     000000
__LbssBANK1                    bssBANK1     000000
__LbssBIGRAM                   bssBIGRAM    000000
__LbssCOMRAM                   bssCOMRAM    000000
__Lcinit                       cinit        000000
__Lclrtext                     clrtext      000000
__Lcomram                      comram       000000
__Lconfig                      config       300000
__Lconst                       const        000000
__LcstackBANK0                 cstackBANK0  000000
__LcstackCOMRAM                cstackCOMRAM 000000
__Ldata                        data         000000
__LdataBANK0                   dataBANK0    000000
__LdataCOMRAM                  dataCOMRAM   000000
__Leeprom_data                 eeprom_data  000000
__Lend_init                    end_init     0000B4
__Lfarbss                      farbss       000000
__Lfardata                     fardata      000000
__Libigdata                    ibigdata     000000
__Lidata                       idata        000000
__LidataBANK0                  idataBANK0   000000
__LidataCOMRAM                 idataCOMRAM  000000
__Lidloc                       idloc        200000
__Lifardata                    ifardata     000000
__Linit                        init         0000B4
__Lintcode                     intcode      000008
__Lintcode_body                intcode_body 000000
__Lintcodelo                   intcodelo    000018
__Lintentry                    intentry     000000
__Lintret                      intret       000000
__Lintsave_regs                intsave_regs 000000
__Lirdata                      irdata       000000
__Lmediumconst                 mediumconst  000000
__LnvBANK0                     nvBANK0      000000
__LnvFARRAM                    nvFARRAM     000000
__Lnvbit                       nvbit        000000
__Lnvrram                      nvrram       000000
__Lparam                       rparam       000000
__Lpowerup                     powerup      0000B4
__Lram                         ram          000000
__Lramtop                      ramtop       000800
__Lrbit                        rbit         000000
__Lrbss                        rbss         000000
__Lrdata                       rdata        000000
__Lreset_vec                   reset_vec    000000
__Lrparam                      rparam       000000
__Lsfr                         sfr          000000
__Lsmallconst                  smallconst   000800
__Lspace_0                     (abs)        000000
__Lspace_1                     (abs)        000000
__Lspace_2                     (abs)        000000
__Lstack                       stack        000000
__Lstruct                      struct       000000
__Ltemp                        temp         000051
__Ltext                        text         000000
__Ltext0                       text0        000000
__Ltext1                       text1        000000
__Ltext10                      text10       000000
__Ltext11                      text11       000000
__Ltext12                      text12       000000
__Ltext13                      text13       000000
__Ltext14                      text14       000000
__Ltext15                      text15       000000
__Ltext16                      text16       000000
__Ltext17                      text17       000000
__Ltext18                      text18       000000
__Ltext19                      text19       000000
__Ltext2                       text2        000000
__Ltext20                      text20       000000
__Ltext21                      text21       000000
__Ltext22                      text22       000000
__Ltext23                      text23       000000
__Ltext24                      text24       000000
__Ltext25                      text25       000000
__Ltext26                      text26       000000
__Ltext27                      text27       000000
__Ltext28                      text28       000000
__Ltext29                      text29       000000
__Ltext3                       text3        000000
__Ltext31                      text31       000000
__Ltext32                      text32       000000
__Ltext33                      text33       000000
__Ltext34                      text34       000000
__Ltext35                      text35       000000
__Ltext36                      text36       000000
__Ltext37                      text37       000000
__Ltext38                      text38       000000
__Ltext39                      text39       000000
__Ltext4                       text4        000000
__Ltext5                       text5        000000
__Ltext6                       text6        000000
__Ltext7                       text7        000000
__Ltext8                       text8        000000
__Ltext9                       text9        000000
__S0                           (abs)        30000E
__S1                           (abs)        0005A3
__S2                           (abs)        000000
___aldiv                       text7        0011C2
___aldiv@counter               cstackBANK0  000068
___aldiv@dividend              cstackBANK0  000060
___aldiv@divisor               cstackBANK0  000064
___aldiv@quotient              cstackBANK0  00006A
___aldiv@sign                  cstackBANK0  000069
___inthi_sp                    stack        000000
___intlo_sp                    stack        000000
___lwdiv                       text21       00178A
___lwdiv@counter               cstackBANK0  000066
___lwdiv@dividend              cstackBANK0  000060
___lwdiv@divisor               cstackBANK0  000062
___lwdiv@quotient              cstackBANK0  000064
___lwmod                       text20       00194E
___lwmod@counter               cstackBANK0  00006B
___lwmod@dividend              cstackBANK0  000067
___lwmod@divisor               cstackBANK0  000069
___param_bank                  (abs)        000010
___rparam_used                 (abs)        000001
___sp                          stack        000000
__accesstop                    (abs)        000060
__activetblptr                 (abs)        000002
__end_of_D_MCP3201_Enable      text13       001D0A
__end_of_D_MCP3201_Init        text11       001CAC
__end_of_D_MCP3201_Read        text23       001BDE
__end_of_D_PORT_Init           text10       001C40
__end_of_D_SPI_Enable          text14       001D24
__end_of_D_SPI_Init            text12       001CCC
__end_of_D_SPI_Write           text25       001D4A
__end_of_D_TIMER0_Enable       text9        001C66
__end_of_D_TIMRER0_Init        text8        001544
__end_of_D_UART_BlockLength    text29       001DA2
__end_of_D_UART_Enable         text19       001C8C
__end_of_D_UART_GetDeviceName  text22       001D88
__end_of_D_UART_Init           text6        0015EE
__end_of_D_UART_Read           text28       001B5E
__end_of_D_UART_ReadBlock      text27       001A6A
__end_of_D_UART_Write          text5        001488
__end_of_D_UART_WriteInt       text15       0013BC
__end_of_HighISR               intcode_body 00170C
__end_of_LowISR                intcodelo    0000B4
__end_of___aldiv               text7        0012DC
__end_of___lwdiv               text21       001802
__end_of___lwmod               text20       0019B0
__end_of__initialization       cinit        00177C
__end_of_acknowledge           text33       00194E
__end_of_convertData           text24       001A0E
__end_of_dpowers               smallconst   00080B
__end_of_fillDataBuffer        text32       000B5E
__end_of_handle_inputs         text26       001D6C
__end_of_handle_message        text2        0011C2
__end_of_hexpowers             smallconst   000813
__end_of_initialize            text4        0018EA
__end_of_main                  text0        00168A
__end_of_printf                text16       000DC8
__end_of_putch                 text17       001D7A
__end_of_readByte              text31       001C10
__end_of_read_inputs           text1        001878
__end_of_strcmp                text3        001AC2
__end_of_writeByte             text18       001D38
__end_ofi1_D_UART_Enable       text37       001CEC
__end_ofi1___lwdiv             text39       001B14
__end_ofi1___lwmod             text38       001BA0
__end_ofi1_printf              text34       000FDC
__end_ofi1_putch               text35       001D92
__end_ofi1_writeByte           text36       001D5C
__initialization               cinit        00170C
__mediumconst                  mediumconst  000000
__pbssBANK0                    bssBANK0     0000D6
__pbssBANK1                    bssBANK1     000100
__pbssBIGRAM                   bssBIGRAM    000166
__pbssCOMRAM                   bssCOMRAM    000040
__pcinit                       cinit        00170C
__pcstackBANK0                 cstackBANK0  000060
__pcstackCOMRAM                cstackCOMRAM 000001
__pdataBANK0                   dataBANK0    0000E8
__pdataCOMRAM                  dataCOMRAM   000049
__pidataBANK0                  idataBANK0   001DA2
__pidataCOMRAM                 idataCOMRAM  001D92
__pintcode                     intcode      000008
__pintcode_body                intcode_body 00168A
__pintcodelo                   intcodelo    000018
__pnvBANK0                     nvBANK0      0000E5
__psmallconst                  smallconst   000800
__ptext0                       text0        0015EE
__ptext1                       text1        001802
__ptext10                      text10       001C10
__ptext11                      text11       001C8C
__ptext12                      text12       001CAC
__ptext13                      text13       001CEC
__ptext14                      text14       001D0A
__ptext15                      text15       0012DC
__ptext16                      text16       000B5E
__ptext17                      text17       001D6C
__ptext18                      text18       001D24
__ptext19                      text19       001C66
__ptext2                       text2        000FDC
__ptext20                      text20       00194E
__ptext21                      text21       00178A
__ptext22                      text22       001D7A
__ptext23                      text23       001BA0
__ptext24                      text24       0019B0
__ptext25                      text25       001D38
__ptext26                      text26       001D5C
__ptext27                      text27       001A0E
__ptext28                      text28       001B14
__ptext29                      text29       001D9A
__ptext3                       text3        001A6A
__ptext31                      text31       001BDE
__ptext32                      text32       000894
__ptext33                      text33       0018EA
__ptext34                      text34       000DC8
__ptext35                      text35       001D88
__ptext36                      text36       001D4A
__ptext37                      text37       001CCC
__ptext38                      text38       001B5E
__ptext39                      text39       001AC2
__ptext4                       text4        001878
__ptext5                       text5        0013BC
__ptext6                       text6        001544
__ptext7                       text7        0011C2
__ptext8                       text8        001488
__ptext9                       text9        001C40
__ramtop                       ramtop       000800
__size_of_D_MCP3201_Enable     (abs)        000000
__size_of_D_MCP3201_Init       (abs)        000000
__size_of_D_MCP3201_Read       (abs)        000000
__size_of_D_PORT_Init          (abs)        000000
__size_of_D_SPI_Enable         (abs)        000000
__size_of_D_SPI_Init           (abs)        000000
__size_of_D_SPI_Write          (abs)        000000
__size_of_D_TIMER0_Enable      (abs)        000000
__size_of_D_TIMRER0_Init       (abs)        000000
__size_of_D_UART_BlockLength   (abs)        000000
__size_of_D_UART_Enable        (abs)        000000
__size_of_D_UART_GetDeviceName (abs)        000000
__size_of_D_UART_Init          (abs)        000000
__size_of_D_UART_Read          (abs)        000000
__size_of_D_UART_ReadBlock     (abs)        000000
__size_of_D_UART_Write         (abs)        000000
__size_of_D_UART_WriteInt      (abs)        000000
__size_of_HighISR              (abs)        000000
__size_of_LowISR               (abs)        000000
__size_of___aldiv              (abs)        000000
__size_of___lwdiv              (abs)        000000
__size_of___lwmod              (abs)        000000
__size_of_acknowledge          (abs)        000000
__size_of_convertData          (abs)        000000
__size_of_fillDataBuffer       (abs)        000000
__size_of_handle_inputs        (abs)        000000
__size_of_handle_message       (abs)        000000
__size_of_initialize           (abs)        000000
__size_of_main                 (abs)        000000
__size_of_printf               (abs)        000000
__size_of_putch                (abs)        000000
__size_of_readByte             (abs)        000000
__size_of_read_inputs          (abs)        000000
__size_of_strcmp               (abs)        000000
__size_of_writeByte            (abs)        000000
__size_ofi1_D_UART_Enable      (abs)        000000
__size_ofi1___lwdiv            (abs)        000000
__size_ofi1___lwmod            (abs)        000000
__size_ofi1_printf             (abs)        000000
__size_ofi1_putch              (abs)        000000
__size_ofi1_writeByte          (abs)        000000
__smallconst                   smallconst   000800
_ackCharacter                  dataCOMRAM   000049
_acknowledge                   text33       0018EA
_analogValue                   bssBANK0     0000DC
_baud                          bssCOMRAM    000046
_blockCharacter                dataCOMRAM   00004B
_blockLength                   bssCOMRAM    000047
_bufferCnt                     bssCOMRAM    000048
_comMes                        bssBANK1     000100
_convertData                   text24       0019B0
_deviceName                    nvBANK0      0000E5
_dpowers                       smallconst   000801
_fillDataBuffer                text32       000894
_handle_inputs                 text26       001D5C
_handle_message                text2        000FDC
_hexpowers                     smallconst   00080B
_initialize                    text4        001878
_isDoorOpen                    bssBANK0     0000E2
_lsbBits                       bssBANK0     0000E3
_main                          text0        0015EE
_messageCharacter              dataBANK0    0000E8
_msbBits                       bssBANK0     0000E4
_printf                        text16       000B5E
_putch                         text17       001D6C
_read                          bssCOMRAM    000040
_readBuffer                    bssBIGRAM    000166
_readByte                      text31       001BDE
_readData                      bssBANK0     0000D6
_read_inputs                   text1        001802
_startCharacter                dataCOMRAM   00004D
_stopCharacter                 dataCOMRAM   00004F
_strcmp                        text3        001A6A
_value                         bssBANK0     0000DE
_writeByte                     text18       001D24
btemp                          temp         000051
convertData@high               cstackBANK0  000064
convertData@low                cstackBANK0  000060
end_of_initialization          cinit        00177C
fillDataBuffer@data            cstackCOMRAM 00002E
fillDataBuffer@i               cstackCOMRAM 00002D
handle_message@msg             cstackBANK0  0000CE
i1D_UART_Enable@enable         cstackCOMRAM 00000F
i1_D_UART_Enable               text37       001CCC
i1___lwdiv                     text39       001AC2
i1___lwdiv@counter             cstackCOMRAM 000015
i1___lwdiv@dividend            cstackCOMRAM 00000F
i1___lwdiv@divisor             cstackCOMRAM 000011
i1___lwdiv@quotient            cstackCOMRAM 000013
i1___lwmod                     text38       001B5E
i1___lwmod@counter             cstackCOMRAM 00001A
i1___lwmod@dividend            cstackCOMRAM 000016
i1___lwmod@divisor             cstackCOMRAM 000018
i1_printf                      text34       000DC8
i1_putch                       text35       001D88
i1_writeByte                   text36       001D4A
i1printf@ap                    cstackCOMRAM 000024
i1printf@c                     cstackCOMRAM 00002A
i1printf@f                     cstackCOMRAM 00001B
i1printf@flag                  cstackCOMRAM 000027
i1printf@idx                   cstackCOMRAM 000023
i1printf@prec                  cstackCOMRAM 000026
i1printf@val                   cstackCOMRAM 000028
i1putch@data                   cstackCOMRAM 000011
i1writeByte@data               cstackCOMRAM 000010
int$flags                      temp         000051
int_func                       intcode_body 00168A
intlevel0                      text         000000
intlevel1                      text         000000
intlevel2                      text         000000
intlevel3                      text         000000
main@i                         cstackBANK0  0000D4
main@length                    cstackBANK0  0000D5
printf@ap                      cstackBANK0  000075
printf@c                       cstackBANK0  00007B
printf@f                       cstackBANK0  00006C
printf@flag                    cstackBANK0  000078
printf@idx                     cstackBANK0  000074
printf@prec                    cstackBANK0  000077
printf@val                     cstackBANK0  000079
putch@data                     cstackBANK0  000062
readByte@dum                   cstackCOMRAM 000010
stackhi                        (abs)        0007FF
stacklo                        (abs)        0005A3
start                          init         0000B4
start_initialization           cinit        00170C
strcmp@r                       cstackBANK0  000065
strcmp@s1                      cstackBANK0  000060
strcmp@s2                      cstackBANK0  000062
writeByte@data                 cstackBANK0  000061


FUNCTION INFORMATION:

 *************** function _main *****************
 Defined at:
		line 58 in file "main.c"
 Parameters:    Size  Location     Type
		None
 Auto vars:     Size  Location     Type
  i               1  116[BANK0 ] unsigned char 
  length          1  117[BANK0 ] unsigned char 
 Return value:  Size  Location     Type
                  1    wreg      void 
 Registers used:
		wreg, fsr0l, fsr0h, fsr1l, fsr1h, fsr2l, fsr2h, status,2, status,0, tblptrl, tblptrh, tblptru, prodl, prodh, cstack
 Tracked objects:
		On entry : 
		On exit  : 
		Unchanged: 
 Data sizes:     COMRAM   BANK0   BANK1   BANK2   BANK3   BANK4   BANK5   BANK6   BANK7
      Params:         0       0       0       0       0       0       0       0       0
      Locals:         0       2       0       0       0       0       0       0       0
      Temps:          0       0       0       0       0       0       0       0       0
      Totals:         0       2       0       0       0       0       0       0       0
Total ram usage:        2 bytes
 Hardware stack levels required when called:   15
 This function calls:
		_D_UART_BlockLength
		_D_UART_Read
		_D_UART_ReadBlock
		_handle_inputs
		_handle_message
		_initialize
		_read_inputs
 This function is called by:
		Startup code after reset
 This function uses a non-reentrant model


 *************** function _read_inputs *****************
 Defined at:
		line 130 in file "main.c"
 Parameters:    Size  Location     Type
		None
 Auto vars:     Size  Location     Type
		None
 Return value:  Size  Location     Type
                  1    wreg      void 
 Registers used:
		wreg, fsr2l, fsr2h, status,2, status,0, tblptrl, tblptrh, tblptru, prodl, prodh, cstack
 Tracked objects:
		On entry : 
		On exit  : 
		Unchanged: 
 Data sizes:     COMRAM   BANK0   BANK1   BANK2   BANK3   BANK4   BANK5   BANK6   BANK7
      Params:         0       0       0       0       0       0       0       0       0
      Locals:         0       0       0       0       0       0       0       0       0
      Temps:          0       0       0       0       0       0       0       0       0
      Totals:         0       0       0       0       0       0       0       0       0
Total ram usage:        0 bytes
 Hardware stack levels used:    1
 Hardware stack levels required when called:   13
 This function calls:
		_D_UART_Write
 This function is called by:
		_main
 This function uses a non-reentrant model


 *************** function _handle_message *****************
 Defined at:
		line 87 in file "main.c"
 Parameters:    Size  Location     Type
  msg             6  110[BANK0 ] struct .
 Auto vars:     Size  Location     Type
		None
 Return value:  Size  Location     Type
                  1    wreg      void 
 Registers used:
		wreg, fsr2l, fsr2h, status,2, status,0, tblptrl, tblptrh, tblptru, prodl, prodh, cstack
 Tracked objects:
		On entry : 
		On exit  : 
		Unchanged: 
 Data sizes:     COMRAM   BANK0   BANK1   BANK2   BANK3   BANK4   BANK5   BANK6   BANK7
      Params:         0       6       0       0       0       0       0       0       0
      Locals:         0       0       0       0       0       0       0       0       0
      Temps:          0       0       0       0       0       0       0       0       0
      Totals:         0       6       0       0       0       0       0       0       0
Total ram usage:        6 bytes
 Hardware stack levels used:    1
 Hardware stack levels required when called:   14
 This function calls:
		_D_MCP3201_Enable
		_D_MCP3201_Read
		_D_TIMER0_Enable
		_D_UART_Enable
		_D_UART_GetDeviceName
		_D_UART_Write
		_D_UART_WriteInt
		_initialize
		_strcmp
 This function is called by:
		_main
 This function uses a non-reentrant model


 *************** function _strcmp *****************
 Defined at:
		line 33 in file "/opt/microchip/xc8/v1.38/sources/common/strcmp.c"
 Parameters:    Size  Location     Type
  s1              2    0[BANK0 ] PTR const unsigned char 
		 -> D_UART_ReadBlock@cm(102), D_UART_Read@cm(102), 
  s2              2    2[BANK0 ] PTR const unsigned char 
		 -> STR_28(3), STR_27(3), STR_26(3), STR_25(3), 
		 -> STR_24(3), STR_22(3), STR_20(3), STR_17(3), 
 Auto vars:     Size  Location     Type
  r               1    5[BANK0 ] char 
 Return value:  Size  Location     Type
                  2    0[BANK0 ] int 
 Registers used:
		wreg, fsr2l, fsr2h, status,2, status,0, tblptrl, tblptrh, tblptru
 Tracked objects:
		On entry : 
		On exit  : 
		Unchanged: 
 Data sizes:     COMRAM   BANK0   BANK1   BANK2   BANK3   BANK4   BANK5   BANK6   BANK7
      Params:         0       4       0       0       0       0       0       0       0
      Locals:         0       1       0       0       0       0       0       0       0
      Temps:          0       1       0       0       0       0       0       0       0
      Totals:         0       6       0       0       0       0       0       0       0
Total ram usage:        6 bytes
 Hardware stack levels used:    1
 Hardware stack levels required when called:    8
 This function calls:
		Nothing
 This function is called by:
		_handle_message
 This function uses a non-reentrant model


 *************** function _initialize *****************
 Defined at:
		line 40 in file "main.c"
 Parameters:    Size  Location     Type
		None
 Auto vars:     Size  Location     Type
		None
 Return value:  Size  Location     Type
                  1    wreg      void 
 Registers used:
		wreg, fsr2l, fsr2h, status,2, status,0, tblptrl, tblptrh, tblptru, prodl, prodh, cstack
 Tracked objects:
		On entry : 
		On exit  : 
		Unchanged: 
 Data sizes:     COMRAM   BANK0   BANK1   BANK2   BANK3   BANK4   BANK5   BANK6   BANK7
      Params:         0       0       0       0       0       0       0       0       0
      Locals:         0       0       0       0       0       0       0       0       0
      Temps:          0       0       0       0       0       0       0       0       0
      Totals:         0       0       0       0       0       0       0       0       0
Total ram usage:        0 bytes
 Hardware stack levels used:    1
 Hardware stack levels required when called:   13
 This function calls:
		_D_MCP3201_Enable
		_D_MCP3201_Init
		_D_PORT_Init
		_D_TIMER0_Enable
		_D_TIMRER0_Init
		_D_UART_Enable
		_D_UART_Init
		_D_UART_Write
 This function is called by:
		_main
		_handle_message
 This function uses a non-reentrant model


 *************** function _D_UART_Write *****************
 Defined at:
		line 274 in file "Drivers/UART_Driver.c"
 Parameters:    Size  Location     Type
  command         2   28[BANK0 ] PTR const unsigned char 
		 -> STR_33(3), STR_31(3), STR_29(5), STR_23(3), 
		 -> STR_18(3), STR_15(3), 
  data            3   30[BANK0 ] PTR const unsigned char 
		 -> STR_34(2), STR_32(2), STR_30(32), STR_19(3), 
		 -> STR_16(12), STR_14(6), ROM(32767), 
 Auto vars:     Size  Location     Type
		None
 Return value:  Size  Location     Type
                  1    wreg      void 
 Registers used:
		wreg, fsr2l, fsr2h, status,2, status,0, tblptrl, tblptrh, tblptru, prodl, prodh, cstack
 Tracked objects:
		On entry : 
		On exit  : 
		Unchanged: 
 Data sizes:     COMRAM   BANK0   BANK1   BANK2   BANK3   BANK4   BANK5   BANK6   BANK7
      Params:         0       5       0       0       0       0       0       0       0
      Locals:         0       0       0       0       0       0       0       0       0
      Temps:          0       1       0       0       0       0       0       0       0
      Totals:         0       6       0       0       0       0       0       0       0
Total ram usage:        6 bytes
 Hardware stack levels used:    1
 Hardware stack levels required when called:   12
 This function calls:
		_printf
 This function is called by:
		_initialize
		_handle_message
		_read_inputs
 This function uses a non-reentrant model


 *************** function _D_UART_Init *****************
 Defined at:
		line 236 in file "Drivers/UART_Driver.c"
 Parameters:    Size  Location     Type
  name            2   14[BANK0 ] PTR const unsigned char 
		 -> STR_14(6), 
  baud            2   16[BANK0 ] unsigned int 
  interrupts      1   18[BANK0 ] unsigned char 
 Auto vars:     Size  Location     Type
		None
 Return value:  Size  Location     Type
                  1    wreg      void 
 Registers used:
		wreg, status,2, status,0, cstack
 Tracked objects:
		On entry : 
		On exit  : 
		Unchanged: 
 Data sizes:     COMRAM   BANK0   BANK1   BANK2   BANK3   BANK4   BANK5   BANK6   BANK7
      Params:         0       5       0       0       0       0       0       0       0
      Locals:         0       4       0       0       0       0       0       0       0
      Temps:          0       0       0       0       0       0       0       0       0
      Totals:         0       9       0       0       0       0       0       0       0
Total ram usage:        9 bytes
 Hardware stack levels used:    1
 Hardware stack levels required when called:    9
 This function calls:
		_D_UART_Enable
		___aldiv
 This function is called by:
		_initialize
 This function uses a non-reentrant model


 *************** function ___aldiv *****************
 Defined at:
		line 8 in file "/opt/microchip/xc8/v1.38/sources/common/aldiv.c"
 Parameters:    Size  Location     Type
  dividend        4    0[BANK0 ] long 
  divisor         4    4[BANK0 ] long 
 Auto vars:     Size  Location     Type
  quotient        4   10[BANK0 ] long 
  sign            1    9[BANK0 ] unsigned char 
  counter         1    8[BANK0 ] unsigned char 
 Return value:  Size  Location     Type
                  4    0[BANK0 ] long 
 Registers used:
		wreg, status,2, status,0
 Tracked objects:
		On entry : 
		On exit  : 
		Unchanged: 
 Data sizes:     COMRAM   BANK0   BANK1   BANK2   BANK3   BANK4   BANK5   BANK6   BANK7
      Params:         0       8       0       0       0       0       0       0       0
      Locals:         0       6       0       0       0       0       0       0       0
      Temps:          0       0       0       0       0       0       0       0       0
      Totals:         0      14       0       0       0       0       0       0       0
Total ram usage:       14 bytes
 Hardware stack levels used:    1
 Hardware stack levels required when called:    8
 This function calls:
		Nothing
 This function is called by:
		_D_UART_Init
 This function uses a non-reentrant model


 *************** function _D_TIMRER0_Init *****************
 Defined at:
		line 30 in file "Drivers/TIMER0_Driver.c"
 Parameters:    Size  Location     Type
  prescale        2    1[BANK0 ] unsigned int 
 Auto vars:     Size  Location     Type
		None
 Return value:  Size  Location     Type
                  1    wreg      void 
 Registers used:
		wreg, status,2, status,0, cstack
 Tracked objects:
		On entry : 
		On exit  : 
		Unchanged: 
 Data sizes:     COMRAM   BANK0   BANK1   BANK2   BANK3   BANK4   BANK5   BANK6   BANK7
      Params:         0       2       0       0       0       0       0       0       0
      Locals:         0       0       0       0       0       0       0       0       0
      Temps:          0       2       0       0       0       0       0       0       0
      Totals:         0       4       0       0       0       0       0       0       0
Total ram usage:        4 bytes
 Hardware stack levels used:    1
 Hardware stack levels required when called:    9
 This function calls:
		_D_TIMER0_Enable
 This function is called by:
		_initialize
 This function uses a non-reentrant model


 *************** function _D_TIMER0_Enable *****************
 Defined at:
		line 61 in file "Drivers/TIMER0_Driver.c"
 Parameters:    Size  Location     Type
  enable          1    wreg     unsigned char 
 Auto vars:     Size  Location     Type
  enable          1    0[BANK0 ] unsigned char 
 Return value:  Size  Location     Type
                  1    wreg      void 
 Registers used:
		wreg, status,2
 Tracked objects:
		On entry : 
		On exit  : 
		Unchanged: 
 Data sizes:     COMRAM   BANK0   BANK1   BANK2   BANK3   BANK4   BANK5   BANK6   BANK7
      Params:         0       0       0       0       0       0       0       0       0
      Locals:         0       1       0       0       0       0       0       0       0
      Temps:          0       0       0       0       0       0       0       0       0
      Totals:         0       1       0       0       0       0       0       0       0
Total ram usage:        1 bytes
 Hardware stack levels used:    1
 Hardware stack levels required when called:    8
 This function calls:
		Nothing
 This function is called by:
		_D_TIMRER0_Init
		_initialize
		_handle_message
 This function uses a non-reentrant model


 *************** function _D_PORT_Init *****************
 Defined at:
		line 31 in file "Drivers/PORT_Driver.c"
 Parameters:    Size  Location     Type
		None
 Auto vars:     Size  Location     Type
		None
 Return value:  Size  Location     Type
                  1    wreg      void 
 Registers used:
		wreg, status,2
 Tracked objects:
		On entry : 
		On exit  : 
		Unchanged: 
 Data sizes:     COMRAM   BANK0   BANK1   BANK2   BANK3   BANK4   BANK5   BANK6   BANK7
      Params:         0       0       0       0       0       0       0       0       0
      Locals:         0       0       0       0       0       0       0       0       0
      Temps:          0       0       0       0       0       0       0       0       0
      Totals:         0       0       0       0       0       0       0       0       0
Total ram usage:        0 bytes
 Hardware stack levels used:    1
 Hardware stack levels required when called:    8
 This function calls:
		Nothing
 This function is called by:
		_initialize
 This function uses a non-reentrant model


 *************** function _D_MCP3201_Init *****************
 Defined at:
		line 56 in file "Drivers/MCP3201_Driver.c"
 Parameters:    Size  Location     Type
		None
 Auto vars:     Size  Location     Type
		None
 Return value:  Size  Location     Type
                  1    wreg      void 
 Registers used:
		wreg, status,2, cstack
 Tracked objects:
		On entry : 
		On exit  : 
		Unchanged: 
 Data sizes:     COMRAM   BANK0   BANK1   BANK2   BANK3   BANK4   BANK5   BANK6   BANK7
      Params:         0       0       0       0       0       0       0       0       0
      Locals:         0       0       0       0       0       0       0       0       0
      Temps:          0       0       0       0       0       0       0       0       0
      Totals:         0       0       0       0       0       0       0       0       0
Total ram usage:        0 bytes
 Hardware stack levels used:    1
 Hardware stack levels required when called:   10
 This function calls:
		_D_SPI_Init
 This function is called by:
		_initialize
 This function uses a non-reentrant model


 *************** function _D_SPI_Init *****************
 Defined at:
		line 32 in file "Drivers/SPI_Driver.c"
 Parameters:    Size  Location     Type
		None
 Auto vars:     Size  Location     Type
		None
 Return value:  Size  Location     Type
                  1    wreg      void 
 Registers used:
		wreg, status,2, cstack
 Tracked objects:
		On entry : 
		On exit  : 
		Unchanged: 
 Data sizes:     COMRAM   BANK0   BANK1   BANK2   BANK3   BANK4   BANK5   BANK6   BANK7
      Params:         0       0       0       0       0       0       0       0       0
      Locals:         0       0       0       0       0       0       0       0       0
      Temps:          0       0       0       0       0       0       0       0       0
      Totals:         0       0       0       0       0       0       0       0       0
Total ram usage:        0 bytes
 Hardware stack levels used:    1
 Hardware stack levels required when called:    9
 This function calls:
		_D_SPI_Enable
 This function is called by:
		_D_MCP3201_Init
 This function uses a non-reentrant model


 *************** function _D_MCP3201_Enable *****************
 Defined at:
		line 70 in file "Drivers/MCP3201_Driver.c"
 Parameters:    Size  Location     Type
  enable          1    wreg     unsigned char 
 Auto vars:     Size  Location     Type
  enable          1    1[BANK0 ] unsigned char 
 Return value:  Size  Location     Type
                  1    wreg      void 
 Registers used:
		wreg, status,2, cstack
 Tracked objects:
		On entry : 
		On exit  : 
		Unchanged: 
 Data sizes:     COMRAM   BANK0   BANK1   BANK2   BANK3   BANK4   BANK5   BANK6   BANK7
      Params:         0       0       0       0       0       0       0       0       0
      Locals:         0       1       0       0       0       0       0       0       0
      Temps:          0       0       0       0       0       0       0       0       0
      Totals:         0       1       0       0       0       0       0       0       0
Total ram usage:        1 bytes
 Hardware stack levels used:    1
 Hardware stack levels required when called:    9
 This function calls:
		_D_SPI_Enable
 This function is called by:
		_initialize
		_handle_message
 This function uses a non-reentrant model


 *************** function _D_SPI_Enable *****************
 Defined at:
		line 69 in file "Drivers/SPI_Driver.c"
 Parameters:    Size  Location     Type
  enable          1    wreg     unsigned char 
 Auto vars:     Size  Location     Type
  enable          1    0[BANK0 ] unsigned char 
 Return value:  Size  Location     Type
                  1    wreg      void 
 Registers used:
		wreg, status,2
 Tracked objects:
		On entry : 
		On exit  : 
		Unchanged: 
 Data sizes:     COMRAM   BANK0   BANK1   BANK2   BANK3   BANK4   BANK5   BANK6   BANK7
      Params:         0       0       0       0       0       0       0       0       0
      Locals:         0       1       0       0       0       0       0       0       0
      Temps:          0       0       0       0       0       0       0       0       0
      Totals:         0       1       0       0       0       0       0       0       0
Total ram usage:        1 bytes
 Hardware stack levels used:    1
 Hardware stack levels required when called:    8
 This function calls:
		Nothing
 This function is called by:
		_D_SPI_Init
		_D_MCP3201_Enable
 This function uses a non-reentrant model


 *************** function _D_UART_WriteInt *****************
 Defined at:
		line 288 in file "Drivers/UART_Driver.c"
 Parameters:    Size  Location     Type
  command         2   28[BANK0 ] PTR const unsigned char 
		 -> STR_21(3), 
  data            2   30[BANK0 ] int 
 Auto vars:     Size  Location     Type
		None
 Return value:  Size  Location     Type
                  1    wreg      void 
 Registers used:
		wreg, fsr2l, fsr2h, status,2, status,0, tblptrl, tblptrh, tblptru, prodl, prodh, cstack
 Tracked objects:
		On entry : 
		On exit  : 
		Unchanged: 
 Data sizes:     COMRAM   BANK0   BANK1   BANK2   BANK3   BANK4   BANK5   BANK6   BANK7
      Params:         0       4       0       0       0       0       0       0       0
      Locals:         0       0       0       0       0       0       0       0       0
      Temps:          0       1       0       0       0       0       0       0       0
      Totals:         0       5       0       0       0       0       0       0       0
Total ram usage:        5 bytes
 Hardware stack levels used:    1
 Hardware stack levels required when called:   12
 This function calls:
		_printf
 This function is called by:
		_handle_message
 This function uses a non-reentrant model


 *************** function _printf *****************
 Defined at:
		line 464 in file "/opt/microchip/xc8/v1.38/sources/common/doprnt.c"
 Parameters:    Size  Location     Type
  f               3   12[BANK0 ] PTR const unsigned char 
		 -> STR_34(2), STR_33(3), STR_32(2), STR_31(3), 
		 -> STR_30(32), STR_29(5), STR_23(3), STR_21(3), 
		 -> STR_19(3), STR_18(3), STR_16(12), STR_15(3), 
		 -> STR_14(6), STR_13(4), STR_12(3), STR_11(3), 
		 -> STR_10(2), STR_9(2), STR_8(2), STR_7(2), 
		 -> STR_6(3), STR_5(4), STR_3(4), ROM(32767), 
		 -> STR_2(2), STR_1(2), 
 Auto vars:     Size  Location     Type
  idx             1   20[BANK0 ] unsigned char 
  tmpval          4    0        struct .
  cp              3    0        PTR const unsigned char 
  val             2   25[BANK0 ] unsigned int 
  ap              2   21[BANK0 ] PTR void [1]
		 -> ?i1_printf(2), ?_printf(2), 
  len             2    0        unsigned int 
  c               1   27[BANK0 ] char 
  flag            1   24[BANK0 ] unsigned char 
  prec            1   23[BANK0 ] char 
 Return value:  Size  Location     Type
                  2   12[BANK0 ] int 
 Registers used:
		wreg, fsr2l, fsr2h, status,2, status,0, tblptrl, tblptrh, tblptru, prodl, prodh, cstack
 Tracked objects:
		On entry : 
		On exit  : 
		Unchanged: 
 Data sizes:     COMRAM   BANK0   BANK1   BANK2   BANK3   BANK4   BANK5   BANK6   BANK7
      Params:         0       5       0       0       0       0       0       0       0
      Locals:         0       8       0       0       0       0       0       0       0
      Temps:          0       3       0       0       0       0       0       0       0
      Totals:         0      16       0       0       0       0       0       0       0
Total ram usage:       16 bytes
 Hardware stack levels used:    1
 Hardware stack levels required when called:   11
 This function calls:
		___lwdiv
		___lwmod
		_putch
 This function is called by:
		_D_UART_Write
		_D_UART_WriteInt
		_D_UART_Acknowledge
 This function uses a non-reentrant model


 *************** function _putch *****************
 Defined at:
		line 356 in file "Drivers/UART_Driver.c"
 Parameters:    Size  Location     Type
  data            1    wreg     unsigned char 
 Auto vars:     Size  Location     Type
  data            1    2[BANK0 ] unsigned char 
 Return value:  Size  Location     Type
                  1    wreg      void 
 Registers used:
		wreg, status,2, cstack
 Tracked objects:
		On entry : 
		On exit  : 
		Unchanged: 
 Data sizes:     COMRAM   BANK0   BANK1   BANK2   BANK3   BANK4   BANK5   BANK6   BANK7
      Params:         0       0       0       0       0       0       0       0       0
      Locals:         0       1       0       0       0       0       0       0       0
      Temps:          0       0       0       0       0       0       0       0       0
      Totals:         0       1       0       0       0       0       0       0       0
Total ram usage:        1 bytes
 Hardware stack levels used:    1
 Hardware stack levels required when called:   10
 This function calls:
		_writeByte
 This function is called by:
		_printf
 This function uses a non-reentrant model


 *************** function _writeByte *****************
 Defined at:
		line 84 in file "Drivers/UART_Driver.c"
 Parameters:    Size  Location     Type
  data            1    wreg     unsigned char 
 Auto vars:     Size  Location     Type
  data            1    1[BANK0 ] unsigned char 
 Return value:  Size  Location     Type
                  1    wreg      void 
 Registers used:
		wreg, status,2, cstack
 Tracked objects:
		On entry : 
		On exit  : 
		Unchanged: 
 Data sizes:     COMRAM   BANK0   BANK1   BANK2   BANK3   BANK4   BANK5   BANK6   BANK7
      Params:         0       0       0       0       0       0       0       0       0
      Locals:         0       1       0       0       0       0       0       0       0
      Temps:          0       0       0       0       0       0       0       0       0
      Totals:         0       1       0       0       0       0       0       0       0
Total ram usage:        1 bytes
 Hardware stack levels used:    1
 Hardware stack levels required when called:    9
 This function calls:
		_D_UART_Enable
 This function is called by:
		_putch
 This function uses a non-reentrant model


 *************** function _D_UART_Enable *****************
 Defined at:
		line 322 in file "Drivers/UART_Driver.c"
 Parameters:    Size  Location     Type
  enable          1    wreg     unsigned char 
 Auto vars:     Size  Location     Type
  enable          1    0[BANK0 ] unsigned char 
 Return value:  Size  Location     Type
                  1    wreg      void 
 Registers used:
		wreg, status,2
 Tracked objects:
		On entry : 
		On exit  : 
		Unchanged: 
 Data sizes:     COMRAM   BANK0   BANK1   BANK2   BANK3   BANK4   BANK5   BANK6   BANK7
      Params:         0       0       0       0       0       0       0       0       0
      Locals:         0       1       0       0       0       0       0       0       0
      Temps:          0       0       0       0       0       0       0       0       0
      Totals:         0       1       0       0       0       0       0       0       0
Total ram usage:        1 bytes
 Hardware stack levels used:    1
 Hardware stack levels required when called:    8
 This function calls:
		Nothing
 This function is called by:
		_writeByte
		_D_UART_Init
		_initialize
		_handle_message
 This function uses a non-reentrant model


 *************** function ___lwmod *****************
 Defined at:
		line 8 in file "/opt/microchip/xc8/v1.38/sources/common/lwmod.c"
 Parameters:    Size  Location     Type
  dividend        2    7[BANK0 ] unsigned int 
  divisor         2    9[BANK0 ] unsigned int 
 Auto vars:     Size  Location     Type
  counter         1   11[BANK0 ] unsigned char 
 Return value:  Size  Location     Type
                  2    7[BANK0 ] unsigned int 
 Registers used:
		wreg, status,2, status,0
 Tracked objects:
		On entry : 
		On exit  : 
		Unchanged: 
 Data sizes:     COMRAM   BANK0   BANK1   BANK2   BANK3   BANK4   BANK5   BANK6   BANK7
      Params:         0       4       0       0       0       0       0       0       0
      Locals:         0       1       0       0       0       0       0       0       0
      Temps:          0       0       0       0       0       0       0       0       0
      Totals:         0       5       0       0       0       0       0       0       0
Total ram usage:        5 bytes
 Hardware stack levels used:    1
 Hardware stack levels required when called:    8
 This function calls:
		Nothing
 This function is called by:
		_printf
 This function uses a non-reentrant model


 *************** function ___lwdiv *****************
 Defined at:
		line 8 in file "/opt/microchip/xc8/v1.38/sources/common/lwdiv.c"
 Parameters:    Size  Location     Type
  dividend        2    0[BANK0 ] unsigned int 
  divisor         2    2[BANK0 ] unsigned int 
 Auto vars:     Size  Location     Type
  quotient        2    4[BANK0 ] unsigned int 
  counter         1    6[BANK0 ] unsigned char 
 Return value:  Size  Location     Type
                  2    0[BANK0 ] unsigned int 
 Registers used:
		wreg, status,2, status,0
 Tracked objects:
		On entry : 
		On exit  : 
		Unchanged: 
 Data sizes:     COMRAM   BANK0   BANK1   BANK2   BANK3   BANK4   BANK5   BANK6   BANK7
      Params:         0       4       0       0       0       0       0       0       0
      Locals:         0       3       0       0       0       0       0       0       0
      Temps:          0       0       0       0       0       0       0       0       0
      Totals:         0       7       0       0       0       0       0       0       0
Total ram usage:        7 bytes
 Hardware stack levels used:    1
 Hardware stack levels required when called:    8
 This function calls:
		Nothing
 This function is called by:
		_printf
 This function uses a non-reentrant model


 *************** function _D_UART_GetDeviceName *****************
 Defined at:
		line 352 in file "Drivers/UART_Driver.c"
 Parameters:    Size  Location     Type
		None
 Auto vars:     Size  Location     Type
		None
 Return value:  Size  Location     Type
                  3    0[BANK0 ] PTR const unsigned char 
 Registers used:
		wreg, status,2, status,0
 Tracked objects:
		On entry : 
		On exit  : 
		Unchanged: 
 Data sizes:     COMRAM   BANK0   BANK1   BANK2   BANK3   BANK4   BANK5   BANK6   BANK7
      Params:         0       3       0       0       0       0       0       0       0
      Locals:         0       0       0       0       0       0       0       0       0
      Temps:          0       0       0       0       0       0       0       0       0
      Totals:         0       3       0       0       0       0       0       0       0
Total ram usage:        3 bytes
 Hardware stack levels used:    1
 Hardware stack levels required when called:    8
 This function calls:
		Nothing
 This function is called by:
		_handle_message
 This function uses a non-reentrant model


 *************** function _D_MCP3201_Read *****************
 Defined at:
		line 78 in file "Drivers/MCP3201_Driver.c"
 Parameters:    Size  Location     Type
		None
 Auto vars:     Size  Location     Type
		None
 Return value:  Size  Location     Type
                  2    5[BANK0 ] unsigned int 
 Registers used:
		wreg, status,2, status,0, cstack
 Tracked objects:
		On entry : 
		On exit  : 
		Unchanged: 
 Data sizes:     COMRAM   BANK0   BANK1   BANK2   BANK3   BANK4   BANK5   BANK6   BANK7
      Params:         0       2       0       0       0       0       0       0       0
      Locals:         0       0       0       0       0       0       0       0       0
      Temps:          0       0       0       0       0       0       0       0       0
      Totals:         0       2       0       0       0       0       0       0       0
Total ram usage:        2 bytes
 Hardware stack levels used:    1
 Hardware stack levels required when called:    9
 This function calls:
		_D_SPI_Write
		_convertData
 This function is called by:
		_handle_message
 This function uses a non-reentrant model


 *************** function _convertData *****************
 Defined at:
		line 32 in file "Drivers/MCP3201_Driver.c"
 Parameters:    Size  Location     Type
  high            1    wreg     unsigned char 
  low             1    0[BANK0 ] unsigned char 
 Auto vars:     Size  Location     Type
  high            1    4[BANK0 ] unsigned char 
 Return value:  Size  Location     Type
                  2    0[BANK0 ] unsigned int 
 Registers used:
		wreg, status,2, status,0
 Tracked objects:
		On entry : 
		On exit  : 
		Unchanged: 
 Data sizes:     COMRAM   BANK0   BANK1   BANK2   BANK3   BANK4   BANK5   BANK6   BANK7
      Params:         0       2       0       0       0       0       0       0       0
      Locals:         0       1       0       0       0       0       0       0       0
      Temps:          0       2       0       0       0       0       0       0       0
      Totals:         0       5       0       0       0       0       0       0       0
Total ram usage:        5 bytes
 Hardware stack levels used:    1
 Hardware stack levels required when called:    8
 This function calls:
		Nothing
 This function is called by:
		_D_MCP3201_Read
 This function uses a non-reentrant model


 *************** function _D_SPI_Write *****************
 Defined at:
		line 55 in file "Drivers/SPI_Driver.c"
 Parameters:    Size  Location     Type
  data            1    wreg     unsigned char 
 Auto vars:     Size  Location     Type
  data            1    0[BANK0 ] unsigned char 
 Return value:  Size  Location     Type
                  1    wreg      unsigned char 
 Registers used:
		wreg, status,2
 Tracked objects:
		On entry : 
		On exit  : 
		Unchanged: 
 Data sizes:     COMRAM   BANK0   BANK1   BANK2   BANK3   BANK4   BANK5   BANK6   BANK7
      Params:         0       0       0       0       0       0       0       0       0
      Locals:         0       1       0       0       0       0       0       0       0
      Temps:          0       0       0       0       0       0       0       0       0
      Totals:         0       1       0       0       0       0       0       0       0
Total ram usage:        1 bytes
 Hardware stack levels used:    1
 Hardware stack levels required when called:    8
 This function calls:
		Nothing
 This function is called by:
		_D_MCP3201_Read
 This function uses a non-reentrant model


 *************** function _handle_inputs *****************
 Defined at:
		line 144 in file "main.c"
 Parameters:    Size  Location     Type
		None
 Auto vars:     Size  Location     Type
		None
 Return value:  Size  Location     Type
                  1    wreg      void 
 Registers used:
		wreg, status,2
 Tracked objects:
		On entry : 
		On exit  : 
		Unchanged: 
 Data sizes:     COMRAM   BANK0   BANK1   BANK2   BANK3   BANK4   BANK5   BANK6   BANK7
      Params:         0       0       0       0       0       0       0       0       0
      Locals:         0       0       0       0       0       0       0       0       0
      Temps:          0       0       0       0       0       0       0       0       0
      Totals:         0       0       0       0       0       0       0       0       0
Total ram usage:        0 bytes
 Hardware stack levels used:    1
 Hardware stack levels required when called:    8
 This function calls:
		Nothing
 This function is called by:
		_main
 This function uses a non-reentrant model


 *************** function _D_UART_ReadBlock *****************
 Defined at:
		line 310 in file "Drivers/UART_Driver.c"
 Parameters:    Size  Location     Type
  cnt             1    wreg     unsigned char 
 Auto vars:     Size  Location     Type
  cnt             1    7[BANK0 ] unsigned char 
  cm            102    8[BANK0 ] struct .
 Return value:  Size  Location     Type
                  6    0[BANK0 ] struct .
 Registers used:
		wreg, fsr0l, fsr0h, fsr1l, fsr1h, fsr2l, fsr2h, status,2, status,0, prodl, prodh
 Tracked objects:
		On entry : 
		On exit  : 
		Unchanged: 
 Data sizes:     COMRAM   BANK0   BANK1   BANK2   BANK3   BANK4   BANK5   BANK6   BANK7
      Params:         0       7       0       0       0       0       0       0       0
      Locals:         0     103       0       0       0       0       0       0       0
      Temps:          0       0       0       0       0       0       0       0       0
      Totals:         0     110       0       0       0       0       0       0       0
Total ram usage:      110 bytes
 Hardware stack levels used:    1
 Hardware stack levels required when called:    8
 This function calls:
		Nothing
 This function is called by:
		_main
 This function uses a non-reentrant model


 *************** function _D_UART_Read *****************
 Defined at:
		line 302 in file "Drivers/UART_Driver.c"
 Parameters:    Size  Location     Type
		None
 Auto vars:     Size  Location     Type
  cm            102    6[BANK0 ] struct .
 Return value:  Size  Location     Type
                  6    0[BANK0 ] struct .
 Registers used:
		wreg, fsr0l, fsr0h, fsr1l, fsr1h, fsr2l, fsr2h, status,2, status,0
 Tracked objects:
		On entry : 
		On exit  : 
		Unchanged: 
 Data sizes:     COMRAM   BANK0   BANK1   BANK2   BANK3   BANK4   BANK5   BANK6   BANK7
      Params:         0       6       0       0       0       0       0       0       0
      Locals:         0     102       0       0       0       0       0       0       0
      Temps:          0       0       0       0       0       0       0       0       0
      Totals:         0     108       0       0       0       0       0       0       0
Total ram usage:      108 bytes
 Hardware stack levels used:    1
 Hardware stack levels required when called:    8
 This function calls:
		Nothing
 This function is called by:
		_main
 This function uses a non-reentrant model


 *************** function _D_UART_BlockLength *****************
 Defined at:
		line 318 in file "Drivers/UART_Driver.c"
 Parameters:    Size  Location     Type
		None
 Auto vars:     Size  Location     Type
		None
 Return value:  Size  Location     Type
                  1    wreg      unsigned char 
 Registers used:
		wreg, fsr2l, fsr2h
 Tracked objects:
		On entry : 
		On exit  : 
		Unchanged: 
 Data sizes:     COMRAM   BANK0   BANK1   BANK2   BANK3   BANK4   BANK5   BANK6   BANK7
      Params:         0       0       0       0       0       0       0       0       0
      Locals:         0       0       0       0       0       0       0       0       0
      Temps:          0       0       0       0       0       0       0       0       0
      Totals:         0       0       0       0       0       0       0       0       0
Total ram usage:        0 bytes
 Hardware stack levels used:    1
 Hardware stack levels required when called:    8
 This function calls:
		Nothing
 This function is called by:
		_main
 This function uses a non-reentrant model


 *************** function _LowISR *****************
 Defined at:
		line 360 in file "Drivers/UART_Driver.c"
 Parameters:    Size  Location     Type
		None
 Auto vars:     Size  Location     Type
		None
 Return value:  Size  Location     Type
                  1    wreg      void 
 Registers used:
		wreg, fsr1l, fsr1h, fsr2l, fsr2h, status,2, status,0, tblptrl, tblptrh, tblptru, prodl, prodh, cstack
 Tracked objects:
		On entry : 
		On exit  : 
		Unchanged: 
 Data sizes:     COMRAM   BANK0   BANK1   BANK2   BANK3   BANK4   BANK5   BANK6   BANK7
      Params:         0       0       0       0       0       0       0       0       0
      Locals:         0       0       0       0       0       0       0       0       0
      Temps:         17       0       0       0       0       0       0       0       0
      Totals:        17       0       0       0       0       0       0       0       0
Total ram usage:       17 bytes
 Hardware stack levels used:    1
 Hardware stack levels required when called:    7
 This function calls:
		_fillDataBuffer
		_readByte
 This function is called by:
		Interrupt level 1
 This function uses a non-reentrant model


 *************** function _readByte *****************
 Defined at:
		line 90 in file "Drivers/UART_Driver.c"
 Parameters:    Size  Location     Type
		None
 Auto vars:     Size  Location     Type
  dum             1   15[COMRAM] unsigned char 
 Return value:  Size  Location     Type
                  1    wreg      unsigned char 
 Registers used:
		wreg, status,2, cstack
 Tracked objects:
		On entry : 
		On exit  : 
		Unchanged: 
 Data sizes:     COMRAM   BANK0   BANK1   BANK2   BANK3   BANK4   BANK5   BANK6   BANK7
      Params:         0       0       0       0       0       0       0       0       0
      Locals:         1       0       0       0       0       0       0       0       0
      Temps:          0       0       0       0       0       0       0       0       0
      Totals:         1       0       0       0       0       0       0       0       0
Total ram usage:        1 bytes
 Hardware stack levels used:    1
 Hardware stack levels required when called:    2
 This function calls:
		i1_D_UART_Enable
 This function is called by:
		_LowISR
 This function uses a non-reentrant model


 *************** function _fillDataBuffer *****************
 Defined at:
		line 110 in file "Drivers/UART_Driver.c"
 Parameters:    Size  Location     Type
  data            1    wreg     unsigned char 
 Auto vars:     Size  Location     Type
  data            1   45[COMRAM] unsigned char 
  i               1   44[COMRAM] unsigned char 
 Return value:  Size  Location     Type
                  1    wreg      void 
 Registers used:
		wreg, fsr1l, fsr1h, fsr2l, fsr2h, status,2, status,0, tblptrl, tblptrh, tblptru, prodl, prodh, cstack
 Tracked objects:
		On entry : 
		On exit  : 
		Unchanged: 
 Data sizes:     COMRAM   BANK0   BANK1   BANK2   BANK3   BANK4   BANK5   BANK6   BANK7
      Params:         0       0       0       0       0       0       0       0       0
      Locals:         2       0       0       0       0       0       0       0       0
      Temps:          1       0       0       0       0       0       0       0       0
      Totals:         3       0       0       0       0       0       0       0       0
Total ram usage:        3 bytes
 Hardware stack levels used:    1
 Hardware stack levels required when called:    6
 This function calls:
		_acknowledge
 This function is called by:
		_LowISR
 This function uses a non-reentrant model


 *************** function _acknowledge *****************
 Defined at:
		line 223 in file "Drivers/UART_Driver.c"
 Parameters:    Size  Location     Type
		None
 Auto vars:     Size  Location     Type
		None
 Return value:  Size  Location     Type
                  1    wreg      void 
 Registers used:
		wreg, fsr2l, fsr2h, status,2, status,0, tblptrl, tblptrh, tblptru, prodl, prodh, cstack
 Tracked objects:
		On entry : 
		On exit  : 
		Unchanged: 
 Data sizes:     COMRAM   BANK0   BANK1   BANK2   BANK3   BANK4   BANK5   BANK6   BANK7
      Params:         0       0       0       0       0       0       0       0       0
      Locals:         0       0       0       0       0       0       0       0       0
      Temps:          1       0       0       0       0       0       0       0       0
      Totals:         1       0       0       0       0       0       0       0       0
Total ram usage:        1 bytes
 Hardware stack levels used:    1
 Hardware stack levels required when called:    5
 This function calls:
		i1_printf
 This function is called by:
		_fillDataBuffer
 This function uses a non-reentrant model


 *************** function i1_printf *****************
 Defined at:
		line 464 in file "/opt/microchip/xc8/v1.38/sources/common/doprnt.c"
 Parameters:    Size  Location     Type
  f               3   26[COMRAM] PTR const unsigned char 
		 -> STR_34(2), STR_33(3), STR_32(2), STR_31(3), 
		 -> STR_30(32), STR_29(5), STR_23(3), STR_21(3), 
		 -> STR_19(3), STR_18(3), STR_16(12), STR_15(3), 
		 -> STR_14(6), STR_13(4), STR_12(3), STR_11(3), 
		 -> STR_10(2), STR_9(2), STR_8(2), STR_7(2), 
		 -> STR_6(3), STR_5(4), STR_3(4), ROM(32767), 
		 -> STR_2(2), STR_1(2), 
 Auto vars:     Size  Location     Type
  printf          4    0        struct .
  printf          3    0        PTR const unsigned char 
  printf          2   39[COMRAM] unsigned int 
  printf          2   35[COMRAM] PTR void [1]
		 -> ?i1_printf(2), ?_printf(2), 
  printf          2    0        unsigned int 
  printf          1   41[COMRAM] char 
  printf          1   38[COMRAM] unsigned char 
  printf          1   37[COMRAM] char 
  printf          1   34[COMRAM] unsigned char 
 Return value:  Size  Location     Type
                  2   26[COMRAM] int 
 Registers used:
		wreg, fsr2l, fsr2h, status,2, status,0, tblptrl, tblptrh, tblptru, prodl, prodh, cstack
 Tracked objects:
		On entry : 
		On exit  : 
		Unchanged: 
 Data sizes:     COMRAM   BANK0   BANK1   BANK2   BANK3   BANK4   BANK5   BANK6   BANK7
      Params:         5       0       0       0       0       0       0       0       0
      Locals:         8       0       0       0       0       0       0       0       0
      Temps:          3       0       0       0       0       0       0       0       0
      Totals:        16       0       0       0       0       0       0       0       0
Total ram usage:       16 bytes
 Hardware stack levels used:    1
 Hardware stack levels required when called:    4
 This function calls:
		i1___lwdiv
		i1___lwmod
		i1_putch
 This function is called by:
		_acknowledge
 This function uses a non-reentrant model


 *************** function i1_putch *****************
 Defined at:
		line 356 in file "Drivers/UART_Driver.c"
 Parameters:    Size  Location     Type
  data            1    wreg     unsigned char 
 Auto vars:     Size  Location     Type
  data            1   16[COMRAM] unsigned char 
 Return value:  Size  Location     Type
                  1    wreg      void 
 Registers used:
		wreg, status,2, cstack
 Tracked objects:
		On entry : 
		On exit  : 
		Unchanged: 
 Data sizes:     COMRAM   BANK0   BANK1   BANK2   BANK3   BANK4   BANK5   BANK6   BANK7
      Params:         0       0       0       0       0       0       0       0       0
      Locals:         1       0       0       0       0       0       0       0       0
      Temps:          0       0       0       0       0       0       0       0       0
      Totals:         1       0       0       0       0       0       0       0       0
Total ram usage:        1 bytes
 Hardware stack levels used:    1
 Hardware stack levels required when called:    3
 This function calls:
		i1_writeByte
 This function is called by:
		i1_printf
 This function uses a non-reentrant model


 *************** function i1_writeByte *****************
 Defined at:
		line 84 in file "Drivers/UART_Driver.c"
 Parameters:    Size  Location     Type
  data            1    wreg     unsigned char 
 Auto vars:     Size  Location     Type
  data            1   15[COMRAM] unsigned char 
 Return value:  Size  Location     Type
                  1    wreg      void 
 Registers used:
		wreg, status,2, cstack
 Tracked objects:
		On entry : 
		On exit  : 
		Unchanged: 
 Data sizes:     COMRAM   BANK0   BANK1   BANK2   BANK3   BANK4   BANK5   BANK6   BANK7
      Params:         0       0       0       0       0       0       0       0       0
      Locals:         1       0       0       0       0       0       0       0       0
      Temps:          0       0       0       0       0       0       0       0       0
      Totals:         1       0       0       0       0       0       0       0       0
Total ram usage:        1 bytes
 Hardware stack levels used:    1
 Hardware stack levels required when called:    2
 This function calls:
		i1_D_UART_Enable
 This function is called by:
		i1_putch
 This function uses a non-reentrant model


 *************** function i1_D_UART_Enable *****************
 Defined at:
		line 322 in file "Drivers/UART_Driver.c"
 Parameters:    Size  Location     Type
  enable          1    wreg     unsigned char 
 Auto vars:     Size  Location     Type
  enable          1   14[COMRAM] unsigned char 
 Return value:  Size  Location     Type
                  1    wreg      void 
 Registers used:
		wreg, status,2
 Tracked objects:
		On entry : 
		On exit  : 
		Unchanged: 
 Data sizes:     COMRAM   BANK0   BANK1   BANK2   BANK3   BANK4   BANK5   BANK6   BANK7
      Params:         0       0       0       0       0       0       0       0       0
      Locals:         1       0       0       0       0       0       0       0       0
      Temps:          0       0       0       0       0       0       0       0       0
      Totals:         1       0       0       0       0       0       0       0       0
Total ram usage:        1 bytes
 Hardware stack levels used:    1
 Hardware stack levels required when called:    1
 This function calls:
		Nothing
 This function is called by:
		_readByte
		i1_writeByte
 This function uses a non-reentrant model


 *************** function i1___lwmod *****************
 Defined at:
		line 8 in file "/opt/microchip/xc8/v1.38/sources/common/lwmod.c"
 Parameters:    Size  Location     Type
  dividend        2   21[COMRAM] unsigned int 
  divisor         2   23[COMRAM] unsigned int 
 Auto vars:     Size  Location     Type
  __lwmod         1   25[COMRAM] unsigned char 
 Return value:  Size  Location     Type
                  2   21[COMRAM] unsigned int 
 Registers used:
		wreg, status,2, status,0
 Tracked objects:
		On entry : 
		On exit  : 
		Unchanged: 
 Data sizes:     COMRAM   BANK0   BANK1   BANK2   BANK3   BANK4   BANK5   BANK6   BANK7
      Params:         4       0       0       0       0       0       0       0       0
      Locals:         1       0       0       0       0       0       0       0       0
      Temps:          0       0       0       0       0       0       0       0       0
      Totals:         5       0       0       0       0       0       0       0       0
Total ram usage:        5 bytes
 Hardware stack levels used:    1
 Hardware stack levels required when called:    1
 This function calls:
		Nothing
 This function is called by:
		i1_printf
 This function uses a non-reentrant model


 *************** function i1___lwdiv *****************
 Defined at:
		line 8 in file "/opt/microchip/xc8/v1.38/sources/common/lwdiv.c"
 Parameters:    Size  Location     Type
  dividend        2   14[COMRAM] unsigned int 
  divisor         2   16[COMRAM] unsigned int 
 Auto vars:     Size  Location     Type
  __lwdiv         2   18[COMRAM] unsigned int 
  __lwdiv         1   20[COMRAM] unsigned char 
 Return value:  Size  Location     Type
                  2   14[COMRAM] unsigned int 
 Registers used:
		wreg, status,2, status,0
 Tracked objects:
		On entry : 
		On exit  : 
		Unchanged: 
 Data sizes:     COMRAM   BANK0   BANK1   BANK2   BANK3   BANK4   BANK5   BANK6   BANK7
      Params:         4       0       0       0       0       0       0       0       0
      Locals:         3       0       0       0       0       0       0       0       0
      Temps:          0       0       0       0       0       0       0       0       0
      Totals:         7       0       0       0       0       0       0       0       0
Total ram usage:        7 bytes
 Hardware stack levels used:    1
 Hardware stack levels required when called:    1
 This function calls:
		Nothing
 This function is called by:
		i1_printf
 This function uses a non-reentrant model


 *************** function _HighISR *****************
 Defined at:
		line 74 in file "Drivers/TIMER0_Driver.c"
 Parameters:    Size  Location     Type
		None
 Auto vars:     Size  Location     Type
		None
 Return value:  Size  Location     Type
                  1    wreg      void 
 Registers used:
		wreg, status,2
 Tracked objects:
		On entry : 
		On exit  : 
		Unchanged: 
 Data sizes:     COMRAM   BANK0   BANK1   BANK2   BANK3   BANK4   BANK5   BANK6   BANK7
      Params:         0       0       0       0       0       0       0       0       0
      Locals:         0       0       0       0       0       0       0       0       0
      Temps:         14       0       0       0       0       0       0       0       0
      Totals:        14       0       0       0       0       0       0       0       0
Total ram usage:       14 bytes
 Hardware stack levels used:    1
 This function calls:
		Nothing
 This function is called by:
		Interrupt level 2
 This function uses a non-reentrant model



MODULE INFORMATION

Module		Function		Class		Link	Load	Size
Drivers/PORT_Driver.c
		_D_PORT_Init   		CODE           	1C10	0000	49

Drivers/PORT_Driver.c estimated size: 49

/opt/microchip/xc8/v1.38/sources/common/lwmod.c
		___lwmod       		CODE           	194E	0000	99

/opt/microchip/xc8/v1.38/sources/common/lwmod.c estimated size: 99

/opt/microchip/xc8/v1.38/sources/common/strcmp.c
		_strcmp        		CODE           	1A6A	0000	89

/opt/microchip/xc8/v1.38/sources/common/strcmp.c estimated size: 89

Drivers/SPI_Driver.c
		_D_SPI_Enable  		CODE           	1D0A	0000	27
		_D_SPI_Write   		CODE           	1D38	0000	19
		_D_SPI_Init    		CODE           	1CAC	0000	33

Drivers/SPI_Driver.c estimated size: 79

Drivers/UART_Driver.c
		_readByte      		CODE           	1BDE	0000	51
		_D_UART_WriteInt		CODE           	12DC	0000	225
		_D_UART_BlockLength		CODE           	1D9A	0000	9
		_LowISR        		CODE           	0018	0000	157
		_putch         		CODE           	1D6C	0000	15
		_D_UART_Read   		CODE           	1B14	0000	75
		_D_UART_Init   		CODE           	1544	0000	171
		_fillDataBuffer		CODE           	0894	0000	715
		_D_UART_Write  		CODE           	13BC	0000	205
		_D_UART_ReadBlock		CODE           	1A0E	0000	93
		_D_UART_Enable 		CODE           	1C66	0000	39
		_writeByte     		CODE           	1D24	0000	21
		_acknowledge   		CODE           	18EA	0000	101
		_D_UART_GetDeviceName		CODE           	1D7A	0000	15

Drivers/UART_Driver.c estimated size: 1892

/opt/microchip/xc8/v1.38/sources/common/lwdiv.c
		___lwdiv       		CODE           	178A	0000	121

/opt/microchip/xc8/v1.38/sources/common/lwdiv.c estimated size: 121

/opt/microchip/xc8/v1.38/sources/common/doprnt.c
		_printf        		CODE           	0B5E	0000	619

/opt/microchip/xc8/v1.38/sources/common/doprnt.c estimated size: 619

Drivers/TIMER0_Driver.c
		_D_TIMER0_Enable		CODE           	1C40	0000	39
		_D_TIMRER0_Init		CODE           	1488	0000	189
		_HighISR       		CODE           	0008	0000	145

Drivers/TIMER0_Driver.c estimated size: 373

/opt/microchip/xc8/v1.38/sources/common/aldiv.c
		___aldiv       		CODE           	11C2	0000	283

/opt/microchip/xc8/v1.38/sources/common/aldiv.c estimated size: 283

shared
		i1_printf      		CODE           	0DC8	0000	533
		i1_writeByte   		CODE           	1D4A	0000	19
		i1_putch       		CODE           	1D88	0000	11
		i1___lwdiv     		CODE           	1AC2	0000	83
		_dpowers       		SMALLCONST     	0801	0000	11
		i1___lwmod     		CODE           	1B5E	0000	67
		__initialization		CODE           	170C	0000	113
		_hexpowers     		SMALLCONST     	080B	0000	9
		i1_D_UART_Enable		CODE           	1CCC	0000	33

shared estimated size: 879

Drivers/MCP3201_Driver.c
		_D_MCP3201_Enable		CODE           	1CEC	0000	31
		_convertData   		CODE           	19B0	0000	95
		_D_MCP3201_Read		CODE           	1BA0	0000	63
		_D_MCP3201_Init		CODE           	1C8C	0000	33

Drivers/MCP3201_Driver.c estimated size: 222

main.c
		_main          		CODE           	15EE	0000	157
		_read_inputs   		CODE           	1802	0000	119
		_handle_inputs 		CODE           	1D5C	0000	17
		_handle_message		CODE           	0FDC	0000	487
		_initialize    		CODE           	1878	0000	115

main.c estimated size: 895

