Microchip MPLAB XC8 Compiler V1.40 ()

Linker command line:

-W-3 --edf=/opt/microchip/xc8/v1.40/dat/en_msgs.txt -cs \
  -h+dist/default/production/LMP90080.X.production.sym \
  --cmf=dist/default/production/LMP90080.X.production.cmf -z -Q18F2550 \
  -o/tmp/xcXWWjvgz -Mdist/default/production/LMP90080.X.production.map -E1 \
  -ver=XC8 -ASTACK=060h-07ffh -pstack=STACK -ACODE=00h-07FFFh \
  -ACONST=00h-07FFFh -ASMALLCONST=0800h-08FFhx120 \
  -AMEDIUMCONST=0800h-07FFFh -ACOMRAM=01h-05Fh -AABS1=00h-07FFh \
  -ABIGRAM=01h-07FFh -ARAM=060h-0FFh,0100h-01FFhx7 -ABANK0=060h-0FFh \
  -ABANK1=0100h-01FFh -ABANK2=0200h-02FFh -ABANK3=0300h-03FFh \
  -ABANK4=0400h-04FFh -ABANK5=0500h-05FFh -ABANK6=0600h-06FFh \
  -ABANK7=0700h-07FFh -ASFR=0F60h-0FFFh \
  -preset_vec=00h,intcode,intcodelo,powerup,init -pramtop=0800h \
  -psmallconst=SMALLCONST -pmediumconst=MEDIUMCONST -pconst=CONST \
  -AFARRAM=00h-00h -ACONFIG=0300000h-030000Dh -pconfig=CONFIG \
  -AIDLOC=0200000h-0200007h -pidloc=IDLOC -AEEDATA=0F00000h-0F000FFh \
  -peeprom_data=EEDATA \
  -prdata=COMRAM,nvrram=COMRAM,nvbit=COMRAM,rbss=COMRAM,rbit=COMRAM \
  -pfarbss=FARRAM,fardata=FARRAM,nvFARRAM=FARRAM \
  -pintsave_regs=BIGRAM,bigbss=BIGRAM,bigdata=BIGRAM -pbss=RAM \
  -pidata=CODE,irdata=CODE,ibigdata=CODE,ifardata=CODE -prparam=COMRAM \
  /tmp/xcXqG4eno.obj dist/default/production/LMP90080.X.production.obj 

Object code version is 3.11

Machine type is 18F2550

Call graph: (short form)




                Name                               Link     Load   Length Selector   Space Scale
/tmp/xcXqG4eno.obj
                init                                  0        0        4        0       0
                idloc                            200000   200000        8   200000       0
                config                           300000   300000        E   300000       0
dist/default/production/LMP90080.X.production.obj
                text16                             7D1E     7D1E       16     3E8F       0
                text15                             7D94     7D94       1C     3ECA       0
                text14                             7E00     7E00       32     3F00       0
                text13                             7D0E     7D0E       10     3E87       0
                text12                             7E98     7E98       48     3F4C       0
                text11                             7E64     7E64       34     3F32       0
                text10                             7F34     7F34       58     3F9A       0
                text9                              7EE0     7EE0       54     3F70       0
                text8                              7DB0     7DB0       22     3ED8       0
                text7                              7D60     7D60       1A     3EB0       0
                text6                              7D7A     7D7A       1A     3EBD       0
                text5                              7D34     7D34       16     3E9A       0
                text4                              7F8C     7F8C       74     3FC6       0
                text3                              7D4A     7D4A       16     3EA5       0
                text2                              7DD2     7DD2       2E     3EE9       0
                text1                              7CFA     7CFA        A     3E7D       0
                text0                              7E32     7E32       32     3F19       0
                cstackCOMRAM                          1        1       1A        1       1
                cinit                              7D04     7D04        A     3E82       0

TOTAL           Name                               Link     Load   Length     Space
        CLASS   STACK          

        CLASS   CODE           
                init                                  0        0        4         0
                text16                             7D1E     7D1E       16         0
                text15                             7D94     7D94       1C         0
                text14                             7E00     7E00       32         0
                text13                             7D0E     7D0E       10         0
                text12                             7E98     7E98       48         0
                text11                             7E64     7E64       34         0
                text10                             7F34     7F34       58         0
                text9                              7EE0     7EE0       54         0
                text8                              7DB0     7DB0       22         0
                text7                              7D60     7D60       1A         0
                text6                              7D7A     7D7A       1A         0
                text5                              7D34     7D34       16         0
                text4                              7F8C     7F8C       74         0
                text3                              7D4A     7D4A       16         0
                text2                              7DD2     7DD2       2E         0
                text1                              7CFA     7CFA        A         0
                text0                              7E32     7E32       32         0
                cinit                              7D04     7D04        A         0

        CLASS   CONST          

        CLASS   SMALLCONST     

        CLASS   MEDIUMCONST    

        CLASS   COMRAM         
                cstackCOMRAM                          1        1       1A         1

        CLASS   ABS1           

        CLASS   BIGRAM         

        CLASS   RAM            

        CLASS   BANK0          

        CLASS   BANK1          

        CLASS   BANK2          

        CLASS   BANK3          

        CLASS   BANK4          

        CLASS   BANK5          

        CLASS   BANK6          

        CLASS   BANK7          

        CLASS   SFR            

        CLASS   FARRAM         

        CLASS   CONFIG         
                config                           300000   300000        E         0

        CLASS   IDLOC          
                idloc                            200000   200000        8         0

        CLASS   EEDATA         



SEGMENTS        Name                           Load    Length   Top    Selector   Space  Class

                reset_vec                      000000  000004  000004         0       0  CODE    
                cstackCOMRAM                   000001  00001A  00001B         1       1  COMRAM  
                text1                          007CFA  00000A  007D04      3E7D       0  CODE    
                cinit                          007D04  00000A  007D0E      3E82       0  CODE    
                text13                         007D0E  000010  007D1E      3E87       0  CODE    
                text16                         007D1E  000016  007D34      3E8F       0  CODE    
                text5                          007D34  000016  007D4A      3E9A       0  CODE    
                text3                          007D4A  000016  007D60      3EA5       0  CODE    
                text7                          007D60  00001A  007D7A      3EB0       0  CODE    
                text6                          007D7A  00001A  007D94      3EBD       0  CODE    
                text15                         007D94  00001C  007DB0      3ECA       0  CODE    
                text8                          007DB0  000022  007DD2      3ED8       0  CODE    
                text2                          007DD2  00002E  007E00      3EE9       0  CODE    
                text14                         007E00  000032  007E32      3F00       0  CODE    
                text0                          007E32  000032  007E64      3F19       0  CODE    
                text11                         007E64  000034  007E98      3F32       0  CODE    
                text12                         007E98  000048  007EE0      3F4C       0  CODE    
                text9                          007EE0  000054  007F34      3F70       0  CODE    
                text10                         007F34  000058  007F8C      3F9A       0  CODE    
                text4                          007F8C  000074  008000      3FC6       0  CODE    
                idloc                          200000  000008  200008    200000       0  IDLOC   
                config                         300000  00000E  30000E    300000       0  CONFIG  


UNUSED ADDRESS RANGES

        Name                Unused          Largest block    Delta
        BANK0            000060-0000FF               A0
        BANK1            000100-0001FF              100
        BANK2            000200-0002FF              100
        BANK3            000300-0003FF              100
        BANK4            000400-0004FF              100
        BANK5            000500-0005FF              100
        BANK6            000600-0006FF              100
        BANK7            000700-0007FF              100
        BIGRAM           00001B-0007FF              7E5
        CODE             000004-007CF9             7CF6
        COMRAM           00001B-00005F               45
        CONST            000004-007CF9             7CF6
        EEDATA           F00000-F000FF              100
        MEDIUMCONST      000800-007CF9             74FA
        RAM              000060-0007FF              100
        SFR              000F60-000FFF               A0
        SMALLCONST       000800-007CF9              100
        STACK            000060-0007FF              7A0

                                  Symbol Table

?_constructTransaction1            cstackCOMRAM 000001
?_constructTransaction2            cstackCOMRAM 000008
?_contructInstruction2Byte         cstackCOMRAM 000001
D_ADC_ReadRegister@addr            cstackCOMRAM 000013
D_ADC_ReadRegister@data            cstackCOMRAM 000012
D_ADC_ReadRegister@transaction     cstackCOMRAM 000014
D_ADC_WriteRegister@addr           cstackCOMRAM 000013
D_ADC_WriteRegister@data           cstackCOMRAM 000012
D_ADC_WriteRegister@transaction    cstackCOMRAM 000014
D_SPI_Enable@enable                cstackCOMRAM 000001
D_SPI_Init@MS                      cstackCOMRAM 000003
D_SPI_Init@mode                    cstackCOMRAM 000002
D_SPI_Write@data                   cstackCOMRAM 000001
_ADCON1                            (abs)        000FC1
_D_ADC_Init                        text3        007D4A
_D_ADC_ReadRegister                text10       007F34
_D_ADC_WriteRegister               text9        007EE0
_D_PORT_Init                       text2        007DD2
_D_SPI_Enable                      text5        007D34
_D_SPI_Init                        text4        007F8C
_D_SPI_Write                       text13       007D0E
_LATBbits                          (abs)        000F8A
_PIR1bits                          (abs)        000F9E
_PORTA                             (abs)        000F80
_PORTB                             (abs)        000F81
_PORTBbits                         (abs)        000F81
_PORTC                             (abs)        000F82
_SSPBUF                            (abs)        000FC9
_SSPCON1bits                       (abs)        000FC6
_SSPSTATbits                       (abs)        000FC7
_TRISA                             (abs)        000F92
_TRISB                             (abs)        000F93
_TRISBbits                         (abs)        000F93
_TRISC                             (abs)        000F94
_TRISCbits                         (abs)        000F94
__CFG_BOR$ON                       (abs)        000000
__CFG_BORV$3                       (abs)        000000
__CFG_CCP2MX$OFF                   (abs)        000000
__CFG_CP0$OFF                      (abs)        000000
__CFG_CP1$OFF                      (abs)        000000
__CFG_CP2$OFF                      (abs)        000000
__CFG_CP3$OFF                      (abs)        000000
__CFG_CPB$OFF                      (abs)        000000
__CFG_CPD$OFF                      (abs)        000000
__CFG_CPUDIV$OSC1_PLL2             (abs)        000000
__CFG_EBTR0$OFF                    (abs)        000000
__CFG_EBTR1$OFF                    (abs)        000000
__CFG_EBTR2$OFF                    (abs)        000000
__CFG_EBTR3$OFF                    (abs)        000000
__CFG_EBTRB$OFF                    (abs)        000000
__CFG_FCMEN$OFF                    (abs)        000000
__CFG_FOSC$HS                      (abs)        000000
__CFG_IESO$OFF                     (abs)        000000
__CFG_LPT1OSC$OFF                  (abs)        000000
__CFG_LVP$OFF                      (abs)        000000
__CFG_MCLRE$ON                     (abs)        000000
__CFG_PBADEN$OFF                   (abs)        000000
__CFG_PLLDIV$5                     (abs)        000000
__CFG_PWRT$OFF                     (abs)        000000
__CFG_STVREN$OFF                   (abs)        000000
__CFG_USBDIV$1                     (abs)        000000
__CFG_VREGEN$OFF                   (abs)        000000
__CFG_WDT$OFF                      (abs)        000000
__CFG_WDTPS$32768                  (abs)        000000
__CFG_WRT0$OFF                     (abs)        000000
__CFG_WRT1$OFF                     (abs)        000000
__CFG_WRT2$OFF                     (abs)        000000
__CFG_WRT3$OFF                     (abs)        000000
__CFG_WRTB$OFF                     (abs)        000000
__CFG_WRTC$OFF                     (abs)        000000
__CFG_WRTD$OFF                     (abs)        000000
__CFG_XINST$OFF                    (abs)        000000
__HRAM                             (abs)        000000
__Habs1                            abs1         000000
__Hbank0                           bank0        000000
__Hbank1                           bank1        000000
__Hbank2                           bank2        000000
__Hbank3                           bank3        000000
__Hbank4                           bank4        000000
__Hbank5                           bank5        000000
__Hbank6                           bank6        000000
__Hbank7                           bank7        000000
__Hbigbss                          bigbss       000000
__Hbigdata                         bigdata      000000
__Hbigram                          bigram       000000
__Hbss                             bss          000000
__Hcinit                           cinit        000000
__Hclrtext                         clrtext      000000
__Hcomram                          comram       000000
__Hconfig                          config       30000E
__Hconst                           const        000000
__HcstackCOMRAM                    cstackCOMRAM 000000
__Hdata                            data         000000
__Heeprom_data                     eeprom_data  000000
__Hfarbss                          farbss       000000
__Hfardata                         fardata      000000
__Hibigdata                        ibigdata     000000
__Hidata                           idata        000000
__Hidloc                           idloc        200008
__Hifardata                        ifardata     000000
__Hinit                            init         000004
__Hintcode                         intcode      000000
__Hintcode_body                    intcode_body 000000
__Hintcodelo                       intcodelo    000000
__Hintentry                        intentry     000000
__Hintret                          intret       000000
__Hintsave_regs                    intsave_regs 000000
__Hirdata                          irdata       000000
__Hmediumconst                     mediumconst  000000
__HnvFARRAM                        nvFARRAM     000000
__Hnvbit                           nvbit        000000
__Hnvrram                          nvrram       000000
__Hparam                           rparam       000000
__Hpowerup                         powerup      000000
__Hram                             ram          000000
__Hramtop                          ramtop       000800
__Hrbit                            rbit         000000
__Hrbss                            rbss         000000
__Hrdata                           rdata        000000
__Hreset_vec                       reset_vec    000000
__Hrparam                          rparam       000000
__Hsfr                             sfr          000000
__Hsmallconst                      smallconst   000000
__Hspace_0                         (abs)        30000E
__Hspace_1                         (abs)        00001B
__Hspace_2                         (abs)        000000
__Hstack                           stack        000000
__Hstruct                          struct       000000
__Htemp                            temp         000000
__Htext                            text         000000
__Htext0                           text0        000000
__Htext1                           text1        000000
__Htext10                          text10       000000
__Htext11                          text11       000000
__Htext12                          text12       000000
__Htext13                          text13       000000
__Htext14                          text14       000000
__Htext15                          text15       000000
__Htext16                          text16       000000
__Htext2                           text2        000000
__Htext3                           text3        000000
__Htext4                           text4        000000
__Htext5                           text5        000000
__Htext6                           text6        000000
__Htext7                           text7        000000
__Htext8                           text8        000000
__Htext9                           text9        000000
__LRAM                             (abs)        000001
__Labs1                            abs1         000000
__Lbank0                           bank0        000000
__Lbank1                           bank1        000000
__Lbank2                           bank2        000000
__Lbank3                           bank3        000000
__Lbank4                           bank4        000000
__Lbank5                           bank5        000000
__Lbank6                           bank6        000000
__Lbank7                           bank7        000000
__Lbigbss                          bigbss       000000
__Lbigdata                         bigdata      000000
__Lbigram                          bigram       000000
__Lbss                             bss          000000
__Lcinit                           cinit        000000
__Lclrtext                         clrtext      000000
__Lcomram                          comram       000000
__Lconfig                          config       300000
__Lconst                           const        000000
__LcstackCOMRAM                    cstackCOMRAM 000000
__Ldata                            data         000000
__Leeprom_data                     eeprom_data  000000
__Lfarbss                          farbss       000000
__Lfardata                         fardata      000000
__Libigdata                        ibigdata     000000
__Lidata                           idata        000000
__Lidloc                           idloc        200000
__Lifardata                        ifardata     000000
__Linit                            init         000000
__Lintcode                         intcode      000000
__Lintcode_body                    intcode_body 000000
__Lintcodelo                       intcodelo    000000
__Lintentry                        intentry     000000
__Lintret                          intret       000000
__Lintsave_regs                    intsave_regs 000000
__Lirdata                          irdata       000000
__Lmediumconst                     mediumconst  000000
__LnvFARRAM                        nvFARRAM     000000
__Lnvbit                           nvbit        000000
__Lnvrram                          nvrram       000000
__Lparam                           rparam       000000
__Lpowerup                         powerup      000000
__Lram                             ram          000000
__Lramtop                          ramtop       000800
__Lrbit                            rbit         000000
__Lrbss                            rbss         000000
__Lrdata                           rdata        000000
__Lreset_vec                       reset_vec    000000
__Lrparam                          rparam       000000
__Lsfr                             sfr          000000
__Lsmallconst                      smallconst   000000
__Lspace_0                         (abs)        000000
__Lspace_1                         (abs)        000000
__Lspace_2                         (abs)        000000
__Lstack                           stack        000000
__Lstruct                          struct       000000
__Ltemp                            temp         000000
__Ltext                            text         000000
__Ltext0                           text0        000000
__Ltext1                           text1        000000
__Ltext10                          text10       000000
__Ltext11                          text11       000000
__Ltext12                          text12       000000
__Ltext13                          text13       000000
__Ltext14                          text14       000000
__Ltext15                          text15       000000
__Ltext16                          text16       000000
__Ltext2                           text2        000000
__Ltext3                           text3        000000
__Ltext4                           text4        000000
__Ltext5                           text5        000000
__Ltext6                           text6        000000
__Ltext7                           text7        000000
__Ltext8                           text8        000000
__Ltext9                           text9        000000
__S0                               (abs)        30000E
__S1                               (abs)        00001B
__S2                               (abs)        000000
___inthi_sp                        stack        000000
___intlo_sp                        stack        000000
___param_bank                      (abs)        000000
___rparam_used                     (abs)        000001
___sp                              stack        000000
__accesstop                        (abs)        000060
__activetblptr                     (abs)        000002
__end_of_D_ADC_Init                text3        007D60
__end_of_D_ADC_ReadRegister        text10       007F8C
__end_of_D_ADC_WriteRegister       text9        007F34
__end_of_D_PORT_Init               text2        007E00
__end_of_D_SPI_Enable              text5        007D4A
__end_of_D_SPI_Init                text4        008000
__end_of_D_SPI_Write               text13       007D1E
__end_of__initialization           cinit        007D04
__end_of_constructTransaction1     text16       007D34
__end_of_constructTransaction2     text14       007E32
__end_of_contructInstruction2Byte  text15       007DB0
__end_of_delay1000ms               text6        007D94
__end_of_delay100ms                text7        007D7A
__end_of_delay10ms                 text8        007DD2
__end_of_initialize                text1        007D04
__end_of_inst2ToByte               text12       007EE0
__end_of_main                      text0        007E64
__end_of_writeTransaction          text11       007E98
__initialization                   cinit        007D04
__mediumconst                      mediumconst  000000
__pcinit                           cinit        007D04
__pcstackCOMRAM                    cstackCOMRAM 000001
__ptext0                           text0        007E32
__ptext1                           text1        007CFA
__ptext10                          text10       007F34
__ptext11                          text11       007E64
__ptext12                          text12       007E98
__ptext13                          text13       007D0E
__ptext14                          text14       007E00
__ptext15                          text15       007D94
__ptext16                          text16       007D1E
__ptext2                           text2        007DD2
__ptext3                           text3        007D4A
__ptext4                           text4        007F8C
__ptext5                           text5        007D34
__ptext6                           text6        007D7A
__ptext7                           text7        007D60
__ptext8                           text8        007DB0
__ptext9                           text9        007EE0
__ramtop                           ramtop       000800
__size_of_D_ADC_Init               (abs)        000000
__size_of_D_ADC_ReadRegister       (abs)        000000
__size_of_D_ADC_WriteRegister      (abs)        000000
__size_of_D_PORT_Init              (abs)        000000
__size_of_D_SPI_Enable             (abs)        000000
__size_of_D_SPI_Init               (abs)        000000
__size_of_D_SPI_Write              (abs)        000000
__size_of_constructTransaction1    (abs)        000000
__size_of_constructTransaction2    (abs)        000000
__size_of_contructInstruction2Byte (abs)        000000
__size_of_delay1000ms              (abs)        000000
__size_of_delay100ms               (abs)        000000
__size_of_delay10ms                (abs)        000000
__size_of_initialize               (abs)        000000
__size_of_inst2ToByte              (abs)        000000
__size_of_main                     (abs)        000000
__size_of_writeTransaction         (abs)        000000
__smallconst                       smallconst   000000
_constructTransaction1             text16       007D1E
_constructTransaction2             text14       007E00
_contructInstruction2Byte          text15       007D94
_delay1000ms                       text6        007D7A
_delay100ms                        text7        007D60
_delay10ms                         text8        007DB0
_initialize                        text1        007CFA
_inst2ToByte                       text12       007E98
_main                              text0        007E32
_writeTransaction                  text11       007E64
constructTransaction1@rw           cstackCOMRAM 000003
constructTransaction1@transaction1 cstackCOMRAM 000004
constructTransaction1@uab          cstackCOMRAM 000001
constructTransaction2@db           cstackCOMRAM 00000C
constructTransaction2@lra          cstackCOMRAM 00000A
constructTransaction2@rwb          cstackCOMRAM 000008
constructTransaction2@sz           cstackCOMRAM 000009
constructTransaction2@transaction2 cstackCOMRAM 00000D
contructInstruction2Byte@inst2     cstackCOMRAM 000005
contructInstruction2Byte@lra       cstackCOMRAM 000002
contructInstruction2Byte@rwb       cstackCOMRAM 000004
contructInstruction2Byte@sz        cstackCOMRAM 000001
delay1000ms@d                      cstackCOMRAM 000006
delay1000ms@i                      cstackCOMRAM 000007
delay100ms@d                       cstackCOMRAM 000004
delay100ms@i                       cstackCOMRAM 000005
delay10ms@d                        cstackCOMRAM 000002
delay10ms@i                        cstackCOMRAM 000003
end_of_initialization              cinit        007D04
inst2ToByte@a                      cstackCOMRAM 000008
inst2ToByte@b                      cstackCOMRAM 000009
inst2ToByte@c                      cstackCOMRAM 00000A
inst2ToByte@d                      cstackCOMRAM 000007
inst2ToByte@inst2                  cstackCOMRAM 000001
intlevel0                          text         000000
intlevel1                          text         000000
intlevel2                          text         000000
intlevel3                          text         000000
main@a                             cstackCOMRAM 00001A
stackhi                            (abs)        0007FF
stacklo                            (abs)        000060
start                              init         000000
start_initialization               cinit        007D04
writeTransaction@input             cstackCOMRAM 000011
writeTransaction@t                 cstackCOMRAM 00000B


FUNCTION INFORMATION:

 *************** function _main *****************
 Defined at:
		line 53 in file "main.c"
 Parameters:    Size  Location     Type
		None
 Auto vars:     Size  Location     Type
  a               1   25[COMRAM] unsigned char 
 Return value:  Size  Location     Type
                  1    wreg      void 
 Registers used:
		wreg, fsr0l, fsr0h, fsr2l, fsr2h, status,2, status,0, cstack
 Tracked objects:
		On entry : 
		On exit  : 
		Unchanged: 
 Data sizes:     COMRAM   BANK0   BANK1   BANK2   BANK3   BANK4   BANK5   BANK6   BANK7
      Params:         0       0       0       0       0       0       0       0       0
      Locals:         1       0       0       0       0       0       0       0       0
      Temps:          0       0       0       0       0       0       0       0       0
      Totals:         1       0       0       0       0       0       0       0       0
Total ram usage:        1 bytes
 Hardware stack levels required when called:    4
 This function calls:
		_D_ADC_ReadRegister
		_D_ADC_WriteRegister
		_delay1000ms
		_initialize
 This function is called by:
		Startup code after reset
 This function uses a non-reentrant model


 *************** function _initialize *****************
 Defined at:
		line 48 in file "main.c"
 Parameters:    Size  Location     Type
		None
 Auto vars:     Size  Location     Type
		None
 Return value:  Size  Location     Type
                  1    wreg      void 
 Registers used:
		wreg, status,2, status,0, cstack
 Tracked objects:
		On entry : 
		On exit  : 
		Unchanged: 
 Data sizes:     COMRAM   BANK0   BANK1   BANK2   BANK3   BANK4   BANK5   BANK6   BANK7
      Params:         0       0       0       0       0       0       0       0       0
      Locals:         0       0       0       0       0       0       0       0       0
      Temps:          0       0       0       0       0       0       0       0       0
      Totals:         0       0       0       0       0       0       0       0       0
Total ram usage:        0 bytes
 Hardware stack levels used:    1
 Hardware stack levels required when called:    3
 This function calls:
		_D_ADC_Init
		_D_PORT_Init
 This function is called by:
		_main
 This function uses a non-reentrant model


 *************** function _D_PORT_Init *****************
 Defined at:
		line 31 in file "Drivers/PORT_Driver.c"
 Parameters:    Size  Location     Type
		None
 Auto vars:     Size  Location     Type
		None
 Return value:  Size  Location     Type
                  1    wreg      void 
 Registers used:
		wreg, status,2
 Tracked objects:
		On entry : 
		On exit  : 
		Unchanged: 
 Data sizes:     COMRAM   BANK0   BANK1   BANK2   BANK3   BANK4   BANK5   BANK6   BANK7
      Params:         0       0       0       0       0       0       0       0       0
      Locals:         0       0       0       0       0       0       0       0       0
      Temps:          0       0       0       0       0       0       0       0       0
      Totals:         0       0       0       0       0       0       0       0       0
Total ram usage:        0 bytes
 Hardware stack levels used:    1
 This function calls:
		Nothing
 This function is called by:
		_initialize
 This function uses a non-reentrant model


 *************** function _D_ADC_Init *****************
 Defined at:
		line 82 in file "Drivers/ADC_Driver.c"
 Parameters:    Size  Location     Type
		None
 Auto vars:     Size  Location     Type
		None
 Return value:  Size  Location     Type
                  1    wreg      void 
 Registers used:
		wreg, status,2, status,0, cstack
 Tracked objects:
		On entry : 
		On exit  : 
		Unchanged: 
 Data sizes:     COMRAM   BANK0   BANK1   BANK2   BANK3   BANK4   BANK5   BANK6   BANK7
      Params:         0       0       0       0       0       0       0       0       0
      Locals:         0       0       0       0       0       0       0       0       0
      Temps:          0       0       0       0       0       0       0       0       0
      Totals:         0       0       0       0       0       0       0       0       0
Total ram usage:        0 bytes
 Hardware stack levels used:    1
 Hardware stack levels required when called:    2
 This function calls:
		_D_SPI_Enable
		_D_SPI_Init
 This function is called by:
		_initialize
 This function uses a non-reentrant model


 *************** function _D_SPI_Init *****************
 Defined at:
		line 32 in file "Drivers/SPI_Driver.c"
 Parameters:    Size  Location     Type
  MS              1    wreg     unsigned char 
  mode            1    1[COMRAM] unsigned char 
 Auto vars:     Size  Location     Type
  MS              1    2[COMRAM] unsigned char 
 Return value:  Size  Location     Type
                  1    wreg      void 
 Registers used:
		wreg, status,2, status,0, cstack
 Tracked objects:
		On entry : 
		On exit  : 
		Unchanged: 
 Data sizes:     COMRAM   BANK0   BANK1   BANK2   BANK3   BANK4   BANK5   BANK6   BANK7
      Params:         1       0       0       0       0       0       0       0       0
      Locals:         1       0       0       0       0       0       0       0       0
      Temps:          0       0       0       0       0       0       0       0       0
      Totals:         2       0       0       0       0       0       0       0       0
Total ram usage:        2 bytes
 Hardware stack levels used:    1
 Hardware stack levels required when called:    1
 This function calls:
		_D_SPI_Enable
 This function is called by:
		_D_ADC_Init
 This function uses a non-reentrant model


 *************** function _D_SPI_Enable *****************
 Defined at:
		line 96 in file "Drivers/SPI_Driver.c"
 Parameters:    Size  Location     Type
  enable          1    wreg     unsigned char 
 Auto vars:     Size  Location     Type
  enable          1    0[COMRAM] unsigned char 
 Return value:  Size  Location     Type
                  1    wreg      void 
 Registers used:
		wreg, status,2
 Tracked objects:
		On entry : 
		On exit  : 
		Unchanged: 
 Data sizes:     COMRAM   BANK0   BANK1   BANK2   BANK3   BANK4   BANK5   BANK6   BANK7
      Params:         0       0       0       0       0       0       0       0       0
      Locals:         1       0       0       0       0       0       0       0       0
      Temps:          0       0       0       0       0       0       0       0       0
      Totals:         1       0       0       0       0       0       0       0       0
Total ram usage:        1 bytes
 Hardware stack levels used:    1
 This function calls:
		Nothing
 This function is called by:
		_D_SPI_Init
		_D_ADC_Init
 This function uses a non-reentrant model


 *************** function _delay1000ms *****************
 Defined at:
		line 40 in file "main.c"
 Parameters:    Size  Location     Type
  d               1    wreg     unsigned char 
 Auto vars:     Size  Location     Type
  d               1    5[COMRAM] unsigned char 
  i               1    6[COMRAM] unsigned char 
 Return value:  Size  Location     Type
                  1    wreg      void 
 Registers used:
		wreg, status,2, status,0, cstack
 Tracked objects:
		On entry : 
		On exit  : 
		Unchanged: 
 Data sizes:     COMRAM   BANK0   BANK1   BANK2   BANK3   BANK4   BANK5   BANK6   BANK7
      Params:         0       0       0       0       0       0       0       0       0
      Locals:         2       0       0       0       0       0       0       0       0
      Temps:          0       0       0       0       0       0       0       0       0
      Totals:         2       0       0       0       0       0       0       0       0
Total ram usage:        2 bytes
 Hardware stack levels used:    1
 Hardware stack levels required when called:    2
 This function calls:
		_delay100ms
 This function is called by:
		_main
 This function uses a non-reentrant model


 *************** function _delay100ms *****************
 Defined at:
		line 32 in file "main.c"
 Parameters:    Size  Location     Type
  d               1    wreg     unsigned char 
 Auto vars:     Size  Location     Type
  d               1    3[COMRAM] unsigned char 
  i               1    4[COMRAM] unsigned char 
 Return value:  Size  Location     Type
                  1    wreg      void 
 Registers used:
		wreg, status,2, status,0, cstack
 Tracked objects:
		On entry : 
		On exit  : 
		Unchanged: 
 Data sizes:     COMRAM   BANK0   BANK1   BANK2   BANK3   BANK4   BANK5   BANK6   BANK7
      Params:         0       0       0       0       0       0       0       0       0
      Locals:         2       0       0       0       0       0       0       0       0
      Temps:          0       0       0       0       0       0       0       0       0
      Totals:         2       0       0       0       0       0       0       0       0
Total ram usage:        2 bytes
 Hardware stack levels used:    1
 Hardware stack levels required when called:    1
 This function calls:
		_delay10ms
 This function is called by:
		_delay1000ms
 This function uses a non-reentrant model


 *************** function _delay10ms *****************
 Defined at:
		line 24 in file "main.c"
 Parameters:    Size  Location     Type
  d               1    wreg     unsigned char 
 Auto vars:     Size  Location     Type
  d               1    1[COMRAM] unsigned char 
  i               1    2[COMRAM] unsigned char 
 Return value:  Size  Location     Type
                  1    wreg      void 
 Registers used:
		wreg, status,2, status,0, cstack
 Tracked objects:
		On entry : 
		On exit  : 
		Unchanged: 
 Data sizes:     COMRAM   BANK0   BANK1   BANK2   BANK3   BANK4   BANK5   BANK6   BANK7
      Params:         0       0       0       0       0       0       0       0       0
      Locals:         2       0       0       0       0       0       0       0       0
      Temps:          1       0       0       0       0       0       0       0       0
      Totals:         3       0       0       0       0       0       0       0       0
Total ram usage:        3 bytes
 Hardware stack levels used:    1
 This function calls:
		Nothing
 This function is called by:
		_delay100ms
 This function uses a non-reentrant model


 *************** function _D_ADC_WriteRegister *****************
 Defined at:
		line 107 in file "Drivers/ADC_Driver.c"
 Parameters:    Size  Location     Type
  addr            1    wreg     unsigned char 
  data            1   17[COMRAM] unsigned char 
 Auto vars:     Size  Location     Type
  addr            1   18[COMRAM] unsigned char 
  transaction     6   19[COMRAM] struct .
 Return value:  Size  Location     Type
                  1    wreg      void 
 Registers used:
		wreg, fsr0l, fsr0h, fsr2l, fsr2h, status,2, status,0, cstack
 Tracked objects:
		On entry : 
		On exit  : 
		Unchanged: 
 Data sizes:     COMRAM   BANK0   BANK1   BANK2   BANK3   BANK4   BANK5   BANK6   BANK7
      Params:         1       0       0       0       0       0       0       0       0
      Locals:         7       0       0       0       0       0       0       0       0
      Temps:          0       0       0       0       0       0       0       0       0
      Totals:         8       0       0       0       0       0       0       0       0
Total ram usage:        8 bytes
 Hardware stack levels used:    1
 Hardware stack levels required when called:    2
 This function calls:
		_constructTransaction1
		_constructTransaction2
		_writeTransaction
 This function is called by:
		_main
 This function uses a non-reentrant model


 *************** function _D_ADC_ReadRegister *****************
 Defined at:
		line 99 in file "Drivers/ADC_Driver.c"
 Parameters:    Size  Location     Type
  addr            1    wreg     unsigned char 
 Auto vars:     Size  Location     Type
  addr            1   18[COMRAM] unsigned char 
  transaction     6   19[COMRAM] struct .
  data            1   17[COMRAM] unsigned char 
 Return value:  Size  Location     Type
                  1    wreg      unsigned char 
 Registers used:
		wreg, fsr0l, fsr0h, fsr2l, fsr2h, status,2, status,0, cstack
 Tracked objects:
		On entry : 
		On exit  : 
		Unchanged: 
 Data sizes:     COMRAM   BANK0   BANK1   BANK2   BANK3   BANK4   BANK5   BANK6   BANK7
      Params:         0       0       0       0       0       0       0       0       0
      Locals:         8       0       0       0       0       0       0       0       0
      Temps:          0       0       0       0       0       0       0       0       0
      Totals:         8       0       0       0       0       0       0       0       0
Total ram usage:        8 bytes
 Hardware stack levels used:    1
 Hardware stack levels required when called:    2
 This function calls:
		_constructTransaction1
		_constructTransaction2
		_writeTransaction
 This function is called by:
		_main
 This function uses a non-reentrant model


 *************** function _writeTransaction *****************
 Defined at:
		line 65 in file "Drivers/ADC_Driver.c"
 Parameters:    Size  Location     Type
  t               6   10[COMRAM] struct .
 Auto vars:     Size  Location     Type
  input           1   16[COMRAM] unsigned char 
 Return value:  Size  Location     Type
                  1    wreg      unsigned char 
 Registers used:
		wreg, status,2, status,0, cstack
 Tracked objects:
		On entry : 
		On exit  : 
		Unchanged: 
 Data sizes:     COMRAM   BANK0   BANK1   BANK2   BANK3   BANK4   BANK5   BANK6   BANK7
      Params:         6       0       0       0       0       0       0       0       0
      Locals:         1       0       0       0       0       0       0       0       0
      Temps:          0       0       0       0       0       0       0       0       0
      Totals:         7       0       0       0       0       0       0       0       0
Total ram usage:        7 bytes
 Hardware stack levels used:    1
 Hardware stack levels required when called:    1
 This function calls:
		_D_SPI_Write
		_inst2ToByte
 This function is called by:
		_D_ADC_ReadRegister
		_D_ADC_WriteRegister
 This function uses a non-reentrant model


 *************** function _inst2ToByte *****************
 Defined at:
		line 35 in file "Drivers/ADC_Driver.c"
 Parameters:    Size  Location     Type
  inst2           3    0[COMRAM] struct .
 Auto vars:     Size  Location     Type
  c               1    9[COMRAM] unsigned char 
  b               1    8[COMRAM] unsigned char 
  a               1    7[COMRAM] unsigned char 
  d               1    6[COMRAM] unsigned char 
 Return value:  Size  Location     Type
                  1    wreg      unsigned char 
 Registers used:
		wreg, status,2, status,0
 Tracked objects:
		On entry : 
		On exit  : 
		Unchanged: 
 Data sizes:     COMRAM   BANK0   BANK1   BANK2   BANK3   BANK4   BANK5   BANK6   BANK7
      Params:         3       0       0       0       0       0       0       0       0
      Locals:         4       0       0       0       0       0       0       0       0
      Temps:          3       0       0       0       0       0       0       0       0
      Totals:        10       0       0       0       0       0       0       0       0
Total ram usage:       10 bytes
 Hardware stack levels used:    1
 This function calls:
		Nothing
 This function is called by:
		_writeTransaction
 This function uses a non-reentrant model


 *************** function _D_SPI_Write *****************
 Defined at:
		line 83 in file "Drivers/SPI_Driver.c"
 Parameters:    Size  Location     Type
  data            1    wreg     unsigned char 
 Auto vars:     Size  Location     Type
  data            1    0[COMRAM] unsigned char 
 Return value:  Size  Location     Type
                  1    wreg      unsigned char 
 Registers used:
		wreg, status,2
 Tracked objects:
		On entry : 
		On exit  : 
		Unchanged: 
 Data sizes:     COMRAM   BANK0   BANK1   BANK2   BANK3   BANK4   BANK5   BANK6   BANK7
      Params:         0       0       0       0       0       0       0       0       0
      Locals:         1       0       0       0       0       0       0       0       0
      Temps:          0       0       0       0       0       0       0       0       0
      Totals:         1       0       0       0       0       0       0       0       0
Total ram usage:        1 bytes
 Hardware stack levels used:    1
 This function calls:
		Nothing
 This function is called by:
		_writeTransaction
 This function uses a non-reentrant model


 *************** function _constructTransaction2 *****************
 Defined at:
		line 58 in file "Drivers/ADC_Driver.c"
 Parameters:    Size  Location     Type
  db              1    wreg     unsigned char 
  rwb             1    7[COMRAM] unsigned char 
  sz              1    8[COMRAM] unsigned char 
  lra             1    9[COMRAM] unsigned char 
 Auto vars:     Size  Location     Type
  db              1   11[COMRAM] unsigned char 
  transaction2    4   12[COMRAM] struct .
 Return value:  Size  Location     Type
                  4    7[COMRAM] struct .
 Registers used:
		wreg, status,2, cstack
 Tracked objects:
		On entry : 
		On exit  : 
		Unchanged: 
 Data sizes:     COMRAM   BANK0   BANK1   BANK2   BANK3   BANK4   BANK5   BANK6   BANK7
      Params:         4       0       0       0       0       0       0       0       0
      Locals:         5       0       0       0       0       0       0       0       0
      Temps:          0       0       0       0       0       0       0       0       0
      Totals:         9       0       0       0       0       0       0       0       0
Total ram usage:        9 bytes
 Hardware stack levels used:    1
 Hardware stack levels required when called:    1
 This function calls:
		_contructInstruction2Byte
 This function is called by:
		_D_ADC_ReadRegister
		_D_ADC_WriteRegister
 This function uses a non-reentrant model


 *************** function _contructInstruction2Byte *****************
 Defined at:
		line 43 in file "Drivers/ADC_Driver.c"
 Parameters:    Size  Location     Type
  rwb             1    wreg     unsigned char 
  sz              1    0[COMRAM] unsigned char 
  lra             1    1[COMRAM] unsigned char 
 Auto vars:     Size  Location     Type
  rwb             1    3[COMRAM] unsigned char 
  inst2           3    4[COMRAM] struct .
 Return value:  Size  Location     Type
                  3    0[COMRAM] struct .
 Registers used:
		wreg
 Tracked objects:
		On entry : 
		On exit  : 
		Unchanged: 
 Data sizes:     COMRAM   BANK0   BANK1   BANK2   BANK3   BANK4   BANK5   BANK6   BANK7
      Params:         3       0       0       0       0       0       0       0       0
      Locals:         4       0       0       0       0       0       0       0       0
      Temps:          0       0       0       0       0       0       0       0       0
      Totals:         7       0       0       0       0       0       0       0       0
Total ram usage:        7 bytes
 Hardware stack levels used:    1
 This function calls:
		Nothing
 This function is called by:
		_constructTransaction2
 This function uses a non-reentrant model


 *************** function _constructTransaction1 *****************
 Defined at:
		line 51 in file "Drivers/ADC_Driver.c"
 Parameters:    Size  Location     Type
  rw              1    wreg     unsigned char 
  uab             1    0[COMRAM] unsigned char 
 Auto vars:     Size  Location     Type
  rw              1    2[COMRAM] unsigned char 
  transaction1    2    3[COMRAM] struct .
 Return value:  Size  Location     Type
                  2    0[COMRAM] struct .
 Registers used:
		wreg, status,2, status,0
 Tracked objects:
		On entry : 
		On exit  : 
		Unchanged: 
 Data sizes:     COMRAM   BANK0   BANK1   BANK2   BANK3   BANK4   BANK5   BANK6   BANK7
      Params:         2       0       0       0       0       0       0       0       0
      Locals:         3       0       0       0       0       0       0       0       0
      Temps:          0       0       0       0       0       0       0       0       0
      Totals:         5       0       0       0       0       0       0       0       0
Total ram usage:        5 bytes
 Hardware stack levels used:    1
 This function calls:
		Nothing
 This function is called by:
		_D_ADC_ReadRegister
		_D_ADC_WriteRegister
 This function uses a non-reentrant model



MODULE INFORMATION

Module		Function		Class		Link	Load	Size
Drivers/PORT_Driver.c
		_D_PORT_Init   		CODE           	7DD2	0000	47

Drivers/PORT_Driver.c estimated size: 47

Drivers/SPI_Driver.c
		_D_SPI_Enable  		CODE           	7D34	0000	23
		_D_SPI_Write   		CODE           	7D0E	0000	17
		_D_SPI_Init    		CODE           	7F8C	0000	117

Drivers/SPI_Driver.c estimated size: 157

shared
		__initialization		CODE           	7D04	0000	1

shared estimated size: 1

Drivers/ADC_Driver.c
		_D_ADC_WriteRegister		CODE           	7EE0	0000	85
		_constructTransaction1		CODE           	7D1E	0000	23
		_writeTransaction		CODE           	7E64	0000	53
		_constructTransaction2		CODE           	7E00	0000	51
		_inst2ToByte   		CODE           	7E98	0000	73
		_contructInstruction2Byte		CODE           	7D94	0000	29
		_D_ADC_ReadRegister		CODE           	7F34	0000	89
		_D_ADC_Init    		CODE           	7D4A	0000	23

Drivers/ADC_Driver.c estimated size: 426

main.c
		_delay100ms    		CODE           	7D60	0000	27
		_delay1000ms   		CODE           	7D7A	0000	27
		_main          		CODE           	7E32	0000	51
		_initialize    		CODE           	7CFA	0000	11
		_delay10ms     		CODE           	7DB0	0000	35

main.c estimated size: 151

